Archive member included to satisfy reference by file (symbol)

/usr/local/Cellar/arm-none-eabi-gcc/9-2019-q4-major/gcc/bin/../lib/gcc/arm-none-eabi/9.2.1/../../../../arm-none-eabi/lib/thumb/v7e-m+fp/hard/libc.a(lib_a-ctype_.o)
                              _build/nrf_log_str_formatter.o (_ctype_)
/usr/local/Cellar/arm-none-eabi-gcc/9-2019-q4-major/gcc/bin/../lib/gcc/arm-none-eabi/9.2.1/../../../../arm-none-eabi/lib/thumb/v7e-m+fp/hard/libc.a(lib_a-exit.o)
                              /usr/local/Cellar/arm-none-eabi-gcc/9-2019-q4-major/gcc/bin/../lib/gcc/arm-none-eabi/9.2.1/../../../../arm-none-eabi/lib/thumb/v7e-m+fp/hard/crt0.o (exit)
/usr/local/Cellar/arm-none-eabi-gcc/9-2019-q4-major/gcc/bin/../lib/gcc/arm-none-eabi/9.2.1/../../../../arm-none-eabi/lib/thumb/v7e-m+fp/hard/libc.a(lib_a-impure.o)
                              /usr/local/Cellar/arm-none-eabi-gcc/9-2019-q4-major/gcc/bin/../lib/gcc/arm-none-eabi/9.2.1/../../../../arm-none-eabi/lib/thumb/v7e-m+fp/hard/libc.a(lib_a-exit.o) (_global_impure_ptr)
/usr/local/Cellar/arm-none-eabi-gcc/9-2019-q4-major/gcc/bin/../lib/gcc/arm-none-eabi/9.2.1/../../../../arm-none-eabi/lib/thumb/v7e-m+fp/hard/libc.a(lib_a-init.o)
                              /usr/local/Cellar/arm-none-eabi-gcc/9-2019-q4-major/gcc/bin/../lib/gcc/arm-none-eabi/9.2.1/../../../../arm-none-eabi/lib/thumb/v7e-m+fp/hard/crt0.o (__libc_init_array)
/usr/local/Cellar/arm-none-eabi-gcc/9-2019-q4-major/gcc/bin/../lib/gcc/arm-none-eabi/9.2.1/../../../../arm-none-eabi/lib/thumb/v7e-m+fp/hard/libc.a(lib_a-memcmp.o)
                              _build/nrf_twi_mngr.o (memcmp)
/usr/local/Cellar/arm-none-eabi-gcc/9-2019-q4-major/gcc/bin/../lib/gcc/arm-none-eabi/9.2.1/../../../../arm-none-eabi/lib/thumb/v7e-m+fp/hard/libc.a(lib_a-memcpy.o)
                              _build/app_scheduler.o (memcpy)
/usr/local/Cellar/arm-none-eabi-gcc/9-2019-q4-major/gcc/bin/../lib/gcc/arm-none-eabi/9.2.1/../../../../arm-none-eabi/lib/thumb/v7e-m+fp/hard/libc.a(lib_a-memset.o)
                              /usr/local/Cellar/arm-none-eabi-gcc/9-2019-q4-major/gcc/bin/../lib/gcc/arm-none-eabi/9.2.1/../../../../arm-none-eabi/lib/thumb/v7e-m+fp/hard/crt0.o (memset)
/usr/local/Cellar/arm-none-eabi-gcc/9-2019-q4-major/gcc/bin/../lib/gcc/arm-none-eabi/9.2.1/../../../../arm-none-eabi/lib/thumb/v7e-m+fp/hard/libc.a(lib_a-printf.o)
                              _build/char.o (printf)
/usr/local/Cellar/arm-none-eabi-gcc/9-2019-q4-major/gcc/bin/../lib/gcc/arm-none-eabi/9.2.1/../../../../arm-none-eabi/lib/thumb/v7e-m+fp/hard/libc.a(lib_a-setbuf.o)
                              _build/microbit_before_startup.o (setbuf)
/usr/local/Cellar/arm-none-eabi-gcc/9-2019-q4-major/gcc/bin/../lib/gcc/arm-none-eabi/9.2.1/../../../../arm-none-eabi/lib/thumb/v7e-m+fp/hard/libc.a(lib_a-setvbuf.o)
                              /usr/local/Cellar/arm-none-eabi-gcc/9-2019-q4-major/gcc/bin/../lib/gcc/arm-none-eabi/9.2.1/../../../../arm-none-eabi/lib/thumb/v7e-m+fp/hard/libc.a(lib_a-setbuf.o) (setvbuf)
/usr/local/Cellar/arm-none-eabi-gcc/9-2019-q4-major/gcc/bin/../lib/gcc/arm-none-eabi/9.2.1/../../../../arm-none-eabi/lib/thumb/v7e-m+fp/hard/libc.a(lib_a-strlen.o)
                              _build/led_matrix.o (strlen)
/usr/local/Cellar/arm-none-eabi-gcc/9-2019-q4-major/gcc/bin/../lib/gcc/arm-none-eabi/9.2.1/../../../../arm-none-eabi/lib/thumb/v7e-m+fp/hard/libc.a(lib_a-vfprintf.o)
                              /usr/local/Cellar/arm-none-eabi-gcc/9-2019-q4-major/gcc/bin/../lib/gcc/arm-none-eabi/9.2.1/../../../../arm-none-eabi/lib/thumb/v7e-m+fp/hard/libc.a(lib_a-printf.o) (_vfprintf_r)
/usr/local/Cellar/arm-none-eabi-gcc/9-2019-q4-major/gcc/bin/../lib/gcc/arm-none-eabi/9.2.1/../../../../arm-none-eabi/lib/thumb/v7e-m+fp/hard/libc.a(lib_a-wsetup.o)
                              /usr/local/Cellar/arm-none-eabi-gcc/9-2019-q4-major/gcc/bin/../lib/gcc/arm-none-eabi/9.2.1/../../../../arm-none-eabi/lib/thumb/v7e-m+fp/hard/libc.a(lib_a-vfprintf.o) (__swsetup_r)
/usr/local/Cellar/arm-none-eabi-gcc/9-2019-q4-major/gcc/bin/../lib/gcc/arm-none-eabi/9.2.1/../../../../arm-none-eabi/lib/thumb/v7e-m+fp/hard/libc.a(lib_a-__call_atexit.o)
                              /usr/local/Cellar/arm-none-eabi-gcc/9-2019-q4-major/gcc/bin/../lib/gcc/arm-none-eabi/9.2.1/../../../../arm-none-eabi/lib/thumb/v7e-m+fp/hard/libc.a(lib_a-exit.o) (__call_exitprocs)
/usr/local/Cellar/arm-none-eabi-gcc/9-2019-q4-major/gcc/bin/../lib/gcc/arm-none-eabi/9.2.1/../../../../arm-none-eabi/lib/thumb/v7e-m+fp/hard/libc.a(lib_a-atexit.o)
                              /usr/local/Cellar/arm-none-eabi-gcc/9-2019-q4-major/gcc/bin/../lib/gcc/arm-none-eabi/9.2.1/../../../../arm-none-eabi/lib/thumb/v7e-m+fp/hard/libc.a(lib_a-__call_atexit.o) (atexit)
/usr/local/Cellar/arm-none-eabi-gcc/9-2019-q4-major/gcc/bin/../lib/gcc/arm-none-eabi/9.2.1/../../../../arm-none-eabi/lib/thumb/v7e-m+fp/hard/libc.a(lib_a-dtoa.o)
[...]
Memory Configuration

Name             Origin             Length             Attributes
FLASH            0x0000000000000000 0x0000000000080000 xr
RAM              0x0000000020000000 0x0000000000020000 xrw
*default*        0x0000000000000000 0xffffffffffffffff

Linker script and memory map

                0x000000000007f000                __stop_ot_flash_data = ((ORIGIN (FLASH) + LENGTH (FLASH)) - FLASH_PAGE_SIZE)
                0x000000000007b000                __start_ot_flash_data = (__stop_ot_flash_data - (FLASH_PAGE_SIZE * FLASH_DATA_PAGES_USED))
                0x0000000000000001                ASSERT ((__start_ot_flash_data >= (__etext + SIZEOF (.data))), Error: Code overlaps flash data area.)

.text           0x0000000000000000     0xccac
 *(.isr_vector)
 .isr_vector    0x0000000000000000      0x200 _build/gcc_startup_nrf52833.os
                0x0000000000000000                __isr_vector
 *(.text*)
 .text          0x0000000000000200       0x40 /usr/local/Cellar/arm-none-eabi-gcc/9-2019-q4-major/gcc/bin/../lib/gcc/arm-none-eabi/9.2.1/thumb/v7e-m+fp/hard/crtbegin.o
 .text          0x0000000000000240       0x74 /usr/local/Cellar/arm-none-eabi-gcc/9-2019-q4-major/gcc/bin/../lib/gcc/arm-none-eabi/9.2.1/../../../../arm-none-eabi/lib/thumb/v7e-m+fp/hard/crt0.o
                0x0000000000000240                _mainCRTStartup
                0x0000000000000240                _start
 .text.check_tilt
                0x00000000000002b4       0x4c _build/char.o
                0x00000000000002b4                check_tilt
 .text.update_char_y
                0x0000000000000300       0x60 _build/char.o
                0x0000000000000300                update_char_y
 .text.init_char
                0x0000000000000360       0x5c _build/char.o
                0x0000000000000360                init_char
 .text.nrf_gpio_pin_port_decode
                0x00000000000003bc       0x30 _build/led_matrix.o
 .text.nrf_gpio_pin_clear
                0x00000000000003ec       0x1a _build/led_matrix.o
 .text.nrf_gpio_pin_set
                0x0000000000000406       0x1a _build/led_matrix.o
 .text.display_ascii
                0x0000000000000420       0x64 _build/led_matrix.o
                0x0000000000000420                display_ascii
 .text.nrf_gpio_pin_dir_set
                0x0000000000000484       0x30 _build/led_matrix.o
 .text.check_if_buttons_pressed
                0x00000000000004b4       0x44 _build/led_matrix.o
                0x00000000000004b4                check_if_buttons_pressed
 .text.increment_pwm_index
                0x00000000000004f8       0x20 _build/led_matrix.o
                0x00000000000004f8                increment_pwm_index
 .text.clear_led_states
                0x0000000000000518       0x30 _build/led_matrix.o
                0x0000000000000518                clear_led_states
 .text.update_state_with_platforms
                0x0000000000000548       0x7c _build/led_matrix.o
                0x0000000000000548                update_state_with_platforms
 .text.detect_colision
                0x00000000000005c4       0x28 _build/led_matrix.o
                0x00000000000005c4                detect_colision
 .text.update_led_states_with_char_pos
                0x00000000000005ec       0x34 _build/led_matrix.o
                0x00000000000005ec                update_led_states_with_char_pos
 .text.part4_cb
                0x0000000000000620       0x88 _build/led_matrix.o
                0x0000000000000620                part4_cb
 .text.set_states
                0x00000000000006a8       0x30 _build/led_matrix.o
                0x00000000000006a8                set_states
 .text.map_char
                0x00000000000006d8       0x44 _build/led_matrix.o
                0x00000000000006d8                map_char
 .text.update_string
                0x000000000000071c       0x38 _build/led_matrix.o
                0x000000000000071c                update_string
 .text.iterate_string
                0x0000000000000754       0x20 _build/led_matrix.o
                0x0000000000000754                iterate_string
 .text.led_matrix_init
                0x0000000000000774      0x120 _build/led_matrix.o
                0x0000000000000774                led_matrix_init
 .text.i2c_reg_write
                0x0000000000000894       0x38 _build/lsm303agr.o
 .text.i2c_reg_read
                0x00000000000008cc       0x54 _build/lsm303agr.o
 .text.lsm303agr_init
                0x0000000000000920       0x78 _build/lsm303agr.o
                0x0000000000000920                lsm303agr_init
 .text.get_theta
                0x0000000000000998       0x84 _build/lsm303agr.o
                0x0000000000000998                get_theta
 *fill*         0x0000000000000a1c        0x4 
 .text.lsm303agr_read_accelerometer
                0x0000000000000a20      0x120 _build/lsm303agr.o
                0x0000000000000a20                lsm303agr_read_accelerometer
 .text.startup.main
                0x0000000000000b40       0x68 _build/main.o
                0x0000000000000b40                main
 .text.activate_platform
                0x0000000000000ba8       0x20 _build/platform.o
                0x0000000000000ba8                activate_platform
 .text.stop_platform_timers
                0x0000000000000bc8       0x28 _build/platform.o
                0x0000000000000bc8                stop_platform_timers
 .text.randomize_platform
                0x0000000000000bf0       0x28 _build/platform.o
                0x0000000000000bf0                randomize_platform
 .text.platform_init
                0x0000000000000c18       0x9c _build/platform.o
                0x0000000000000c18                platform_init
 .text.next_row
                0x0000000000000cb4       0x40 _build/platform.o
                0x0000000000000cb4                next_row
 .text.nrf_delay_ms.part.0.constprop.0
                0x0000000000000cf4       0x20 _build/rng.o
 .text.rng_init
                0x0000000000000d14       0x1c _build/rng.o
                0x0000000000000d14                rng_init
 .text.get_random_2to3
                0x0000000000000d30       0x20 _build/rng.o
                0x0000000000000d30                get_random_2to3
 .text.get_random_0to2
                0x0000000000000d50       0x28 _build/rng.o
                0x0000000000000d50                get_random_0to2
 .text.get_random_0to3
                0x0000000000000d78       0x20 _build/rng.o
                0x0000000000000d78                get_random_0to3
 .text.nrf_gpio_pin_port_decode
                0x0000000000000d98       0x30 _build/better_error_handling.o
 .text.nrf_gpio_pin_clear
                0x0000000000000dc8       0x1a _build/better_error_handling.o
 .text.nrf_gpio_pin_set
                0x0000000000000de2       0x1a _build/better_error_handling.o
 .text.nrf_delay_ms.part.0
                0x0000000000000dfc       0x1c _build/better_error_handling.o
 .text.error_blink_pattern
                0x0000000000000e18      0x104 _build/better_error_handling.o
 .text.app_error_fault_handler
                0x0000000000000f1c       0x74 _build/better_error_handling.o
                0x0000000000000f1c                app_error_fault_handler
 .text.HardFault_process
                0x0000000000000f90        0x6 _build/better_error_handling.o
                0x0000000000000f90                HardFault_process
 *fill*         0x0000000000000f96        0x2 
 .text.startup.called_first
                0x0000000000000f98       0x48 _build/microbit_before_startup.o
                0x0000000000000f98                called_first
 .text.nrf_log_backend_uart_flush
                0x0000000000000fe0        0x2 _build/microbit_nrf_log_backend_uart.o
 *fill*         0x0000000000000fe2        0x2 
 .text.nrf_log_backend_uart_put
                0x0000000000000fe4       0x1c _build/microbit_nrf_log_backend_uart.o
 .text.uart_init.constprop.0
                0x0000000000001000       0x5c _build/microbit_nrf_log_backend_uart.o
 .text.serial_tx
                0x000000000000105c       0x50 _build/microbit_nrf_log_backend_uart.o
 .text.nrf_log_backend_uart_panic_set
                0x00000000000010ac       0x2c _build/microbit_nrf_log_backend_uart.o
 .text.nrf_log_backend_uart_init
                0x00000000000010d8        0x4 _build/microbit_nrf_log_backend_uart.o
                0x00000000000010d8                nrf_log_backend_uart_init
 .text._write   0x00000000000010dc       0x2c _build/microbit_retarget.o
                0x00000000000010dc                _write
 .text._read    0x0000000000001108       0x30 _build/microbit_retarget.o
                0x0000000000001108                _read
 .text.app_error_handler
                0x0000000000001138       0x1a _build/app_error_handler_gcc.o
                0x0000000000001138                app_error_handler
 *fill*         0x0000000000001152        0x2 
 .text.user_op_alloc
                0x0000000000001154       0x2c _build/app_timer.o
 .text.timer_stop_op_schedule
                0x0000000000001180       0x48 _build/app_timer.o
 .text.nrfx_coredep_delay_us.part.0.constprop.0
                0x00000000000011c8       0x10 _build/app_timer.o
 .text.RTC1_IRQHandler
                0x00000000000011d8       0x9c _build/app_timer.o
                0x00000000000011d8                RTC1_IRQHandler
 .text.SWI0_EGU0_IRQHandler
                0x0000000000001274      0x2b8 _build/app_timer.o
                0x0000000000001274                SWI0_EGU0_IRQHandler
 .text.app_timer_init
                0x000000000000152c       0x90 _build/app_timer.o
                0x000000000000152c                app_timer_init
 .text.app_timer_create
                0x00000000000015bc       0x24 _build/app_timer.o
                0x00000000000015bc                app_timer_create
 .text.app_timer_start
                0x00000000000015e0       0x8c _build/app_timer.o
                0x00000000000015e0                app_timer_start
 .text.app_timer_stop
                0x000000000000166c       0x20 _build/app_timer.o
                0x000000000000166c                app_timer_stop
 .text.app_util_disable_irq
                0x000000000000168c       0x10 _build/app_util_platform.o
                0x000000000000168c                app_util_disable_irq
 .text.app_util_enable_irq
                0x000000000000169c       0x14 _build/app_util_platform.o
                0x000000000000169c                app_util_enable_irq
 .text.privilege_level_get
                0x00000000000016b0       0x1a _build/app_util_platform.o
                0x00000000000016b0                privilege_level_get
 *fill*         0x00000000000016ca        0x2 
 .text.app_util_critical_region_enter
                0x00000000000016cc       0x20 _build/app_util_platform.o
                0x00000000000016cc                app_util_critical_region_enter
 .text.app_util_critical_region_exit
                0x00000000000016ec       0x20 _build/app_util_platform.o
                0x00000000000016ec                app_util_critical_region_exit
 .text.HardFault_Handler
                0x000000000000170c       0x34 _build/hardfault_handler_gcc.o
                0x000000000000170c                HardFault_Handler
 .text.HardFault_c_handler
                0x0000000000001740      0x104 _build/hardfault_implementation.o
                0x0000000000001740                HardFault_c_handler
 .text.assert_nrf_callback
                0x0000000000001844       0x1a _build/nrf_assert.o
                0x0000000000001844                assert_nrf_callback
 .text.nrf_atomic_u32_fetch_store
                0x000000000000185e       0x16 _build/nrf_atomic.o
                0x000000000000185e                nrf_atomic_u32_fetch_store
 .text.nrf_atomic_u32_or
                0x0000000000001874       0x18 _build/nrf_atomic.o
                0x0000000000001874                nrf_atomic_u32_or
 .text.nrf_atomic_u32_fetch_and
                0x000000000000188c       0x18 _build/nrf_atomic.o
                0x000000000000188c                nrf_atomic_u32_fetch_and
 .text.nrf_atomic_u32_add
                0x00000000000018a4       0x18 _build/nrf_atomic.o
                0x00000000000018a4                nrf_atomic_u32_add
 .text.nrf_atomic_u32_sub
                0x00000000000018bc       0x18 _build/nrf_atomic.o
                0x00000000000018bc                nrf_atomic_u32_sub
 .text.nrf_atomic_flag_set
                0x00000000000018d4        0x6 _build/nrf_atomic.o
                0x00000000000018d4                nrf_atomic_flag_set
 .text.nrf_atomic_flag_clear_fetch
                0x00000000000018da        0x6 _build/nrf_atomic.o
                0x00000000000018da                nrf_atomic_flag_clear_fetch
 .text.nrf_balloc_init
                0x00000000000018e0       0x7c _build/nrf_balloc.o
                0x00000000000018e0                nrf_balloc_init
 .text.nrf_balloc_alloc
                0x000000000000195c       0x54 _build/nrf_balloc.o
                0x000000000000195c                nrf_balloc_alloc
 .text.nrf_balloc_free
                0x00000000000019b0       0x48 _build/nrf_balloc.o
                0x00000000000019b0                nrf_balloc_free
 .text.twim_evt_handler
                0x00000000000019f8       0x40 _build/nrf_drv_twi.o
 .text.nrf_gpio_pin_port_decode
                0x0000000000001a38       0x30 _build/nrf_drv_twi.o
 .text.nrf_gpio_pin_set
                0x0000000000001a68       0x1a _build/nrf_drv_twi.o
 *fill*         0x0000000000001a82        0x2 
 .text.nrfx_coredep_delay_us.part.0.constprop.0
                0x0000000000001a84       0x10 _build/nrf_drv_twi.o
 .text.nrf_drv_twi_init
                0x0000000000001a94       0xec _build/nrf_drv_twi.o
                0x0000000000001a94                nrf_drv_twi_init
 .text.uarte_evt_handler
                0x0000000000001b80       0x34 _build/nrf_drv_uart.o
 .text.uart_evt_handler
                0x0000000000001bb4       0x34 _build/nrf_drv_uart.o
 .text.nrf_drv_uart_init
                0x0000000000001be8       0x7c _build/nrf_drv_uart.o
                0x0000000000001be8                nrf_drv_uart_init
 .text.nrf_fprintf_buffer_flush
                0x0000000000001c64       0x24 _build/nrf_fprintf.o
                0x0000000000001c64                nrf_fprintf_buffer_flush
 .text.nrf_fprintf
                0x0000000000001c88       0x54 _build/nrf_fprintf.o
                0x0000000000001c88                nrf_fprintf
 .text.buffer_add
                0x0000000000001cdc       0x1e _build/nrf_fprintf_format.o
 *fill*         0x0000000000001cfa        0x2 
 .text.unsigned_print
                0x0000000000001cfc       0xb4 _build/nrf_fprintf_format.o
 .text.nrf_fprintf_fmt
                0x0000000000001db0      0x2d8 _build/nrf_fprintf_format.o
                0x0000000000001db0                nrf_fprintf_fmt
 .text.nrf_log_backend_serial_put
                0x0000000000002088       0xc2 _build/nrf_log_backend_serial.o
                0x0000000000002088                nrf_log_backend_serial_put
 *fill*         0x000000000000214a        0x2 
 .text.nrf_log_default_backends_init
                0x000000000000214c       0x30 _build/nrf_log_default_backends.o
                0x000000000000214c                nrf_log_default_backends_init
 .text.invalid_packets_omit
                0x000000000000217c       0x3a _build/nrf_log_frontend.o
 *fill*         0x00000000000021b6        0x2 
 .text.buf_prealloc
                0x00000000000021b8      0x144 _build/nrf_log_frontend.o
 .text.nrf_log_init
                0x00000000000022fc       0x3c _build/nrf_log_frontend.o
                0x00000000000022fc                nrf_log_init
 .text.nrf_log_module_name_get
                0x0000000000002338       0x38 _build/nrf_log_frontend.o
                0x0000000000002338                nrf_log_module_name_get
 .text.nrf_log_color_id_get
                0x0000000000002370       0x2c _build/nrf_log_frontend.o
                0x0000000000002370                nrf_log_color_id_get
 .text.buffer_is_empty
                0x000000000000239c       0x14 _build/nrf_log_frontend.o
                0x000000000000239c                buffer_is_empty
 .text.nrf_log_frontend_dequeue
                0x00000000000023b0      0x218 _build/nrf_log_frontend.o
                0x00000000000023b0                nrf_log_frontend_dequeue
 .text.std_n    0x00000000000025c8       0xb8 _build/nrf_log_frontend.o
 .text.nrf_log_frontend_std_0
                0x0000000000002680        0x8 _build/nrf_log_frontend.o
                0x0000000000002680                nrf_log_frontend_std_0
 .text.nrf_log_frontend_std_1
                0x0000000000002688       0x12 _build/nrf_log_frontend.o
                0x0000000000002688                nrf_log_frontend_std_1
 .text.nrf_log_frontend_std_3
                0x000000000000269a       0x18 _build/nrf_log_frontend.o
                0x000000000000269a                nrf_log_frontend_std_3
 .text.nrf_log_frontend_std_4
                0x00000000000026b2       0x1c _build/nrf_log_frontend.o
                0x00000000000026b2                nrf_log_frontend_std_4
 *fill*         0x00000000000026ce        0x2 
 .text.nrf_log_backend_add
                0x00000000000026d0       0x54 _build/nrf_log_frontend.o
                0x00000000000026d0                nrf_log_backend_add
 .text.nrf_log_panic
                0x0000000000002724       0x2c _build/nrf_log_frontend.o
                0x0000000000002724                nrf_log_panic
 .text.postfix_process
                0x0000000000002750       0x44 _build/nrf_log_str_formatter.o
 .text.prefix_process
                0x0000000000002794       0x7c _build/nrf_log_str_formatter.o
 .text.nrf_log_std_entry_process
                0x0000000000002810       0xc8 _build/nrf_log_str_formatter.o
                0x0000000000002810                nrf_log_std_entry_process
 .text.nrf_log_hexdump_entry_process
                0x00000000000028d8       0xbc _build/nrf_log_str_formatter.o
                0x00000000000028d8                nrf_log_hexdump_entry_process
 .text.memobj_op
                0x0000000000002994       0xa8 _build/nrf_memobj.o
 .text.nrf_memobj_pool_init
                0x0000000000002a3c        0x4 _build/nrf_memobj.o
                0x0000000000002a3c                nrf_memobj_pool_init
 .text.nrf_memobj_free
                0x0000000000002a40       0x2c _build/nrf_memobj.o
                0x0000000000002a40                nrf_memobj_free
 .text.nrf_memobj_alloc
                0x0000000000002a6c       0x5e _build/nrf_memobj.o
                0x0000000000002a6c                nrf_memobj_alloc
 .text.nrf_memobj_get
                0x0000000000002aca        0x8 _build/nrf_memobj.o
                0x0000000000002aca                nrf_memobj_get
 .text.nrf_memobj_put
                0x0000000000002ad2       0x1e _build/nrf_memobj.o
                0x0000000000002ad2                nrf_memobj_put
 .text.nrf_memobj_write
                0x0000000000002af0       0x28 _build/nrf_memobj.o
                0x0000000000002af0                nrf_memobj_write
 .text.nrf_memobj_read
                0x0000000000002b18       0x28 _build/nrf_memobj.o
                0x0000000000002b18                nrf_memobj_read
 .text.nrf_ringbuf_init
                0x0000000000002b40       0x1c _build/nrf_ringbuf.o
                0x0000000000002b40                nrf_ringbuf_init
 .text.nrf_strerror_find
                0x0000000000002b5c       0x3c _build/nrf_strerror.o
                0x0000000000002b5c                nrf_strerror_find
 .text.nrf_strerror_get
                0x0000000000002b98       0x14 _build/nrf_strerror.o
                0x0000000000002b98                nrf_strerror_get
 .text.queue_utilization_get
                0x0000000000002bac       0x18 _build/nrf_queue.o
 .text.nrf_queue_next_idx
                0x0000000000002bc4       0x20 _build/nrf_queue.o
 .text.nrf_queue_is_full
                0x0000000000002be4       0x28 _build/nrf_queue.o
                0x0000000000002be4                nrf_queue_is_full
 .text.nrf_queue_push
                0x0000000000002c0c       0xc0 _build/nrf_queue.o
                0x0000000000002c0c                nrf_queue_push
 .text.nrf_queue_is_empty
                0x0000000000002ccc       0x24 _build/nrf_queue.o
                0x0000000000002ccc                nrf_queue_is_empty
 .text.nrf_queue_generic_pop
                0x0000000000002cf0       0x9c _build/nrf_queue.o
                0x0000000000002cf0                nrf_queue_generic_pop
 .text.nrf_gpiote_event_clear
                0x0000000000002d8c       0x18 _build/nrfx_gpiote.o
 .text.nrf_gpio_pin_port_decode
                0x0000000000002da4       0x30 _build/nrfx_gpiote.o
 .text.nrf_gpio_cfg_sense_set
                0x0000000000002dd4       0x2e _build/nrfx_gpiote.o
 *fill*         0x0000000000002e02        0x2 
 .text.nrf_gpio_ports_read.constprop.0
                0x0000000000002e04       0x18 _build/nrfx_gpiote.o
 .text.GPIOTE_IRQHandler
                0x0000000000002e1c      0x1a8 _build/nrfx_gpiote.o
                0x0000000000002e1c                GPIOTE_IRQHandler
 .text.UARTE0_UART0_IRQHandler
                0x0000000000002fc4       0x20 _build/nrfx_prs.o
                0x0000000000002fc4                UARTE0_UART0_IRQHandler
 .text.nrfx_prs_acquire
                0x0000000000002fe4       0x44 _build/nrfx_prs.o
                0x0000000000002fe4                nrfx_prs_acquire
 .text.nrfx_prs_release
                0x0000000000003028       0x28 _build/nrfx_prs.o
                0x0000000000003028                nrfx_prs_release
 .text.nrf_saadc_event_clear
                0x0000000000003050       0x18 _build/nrfx_saadc.o
 .text.SAADC_IRQHandler
                0x0000000000003068      0x160 _build/nrfx_saadc.o
                0x0000000000003068                SAADC_IRQHandler
 .text.irq_handler.constprop.0
                0x00000000000031c8       0x4c _build/nrfx_timer.o
 .text.TIMER0_IRQHandler
                0x0000000000003214       0x10 _build/nrfx_timer.o
                0x0000000000003214                TIMER0_IRQHandler
 .text.TIMER1_IRQHandler
                0x0000000000003224       0x10 _build/nrfx_timer.o
                0x0000000000003224                TIMER1_IRQHandler
 .text.nrf_twim_event_clear
                0x0000000000003234       0x10 _build/nrfx_twim.o
 .text.xfer_completeness_check
                0x0000000000003244       0x6c _build/nrfx_twim.o
 .text.nrf_gpio_pin_port_decode
                0x00000000000032b0       0x30 _build/nrfx_twim.o
 .text.SPIM0_SPIS0_TWIM0_TWIS0_SPI0_TWI0_IRQHandler
                0x00000000000032e0      0x158 _build/nrfx_twim.o
                0x00000000000032e0                SPIM0_SPIS0_TWIM0_TWIS0_SPI0_TWI0_IRQHandler
 .text.nrfx_twim_init
                0x0000000000003438      0x140 _build/nrfx_twim.o
                0x0000000000003438                nrfx_twim_init
 .text.nrfx_twim_enable
                0x0000000000003578       0x40 _build/nrfx_twim.o
                0x0000000000003578                nrfx_twim_enable
 .text.nrfx_twim_disable
                0x00000000000035b8       0x54 _build/nrfx_twim.o
                0x00000000000035b8                nrfx_twim_disable
 .text.nrfx_twim_uninit
                0x000000000000360c       0xb4 _build/nrfx_twim.o
                0x000000000000360c                nrfx_twim_uninit
 .text.nrfx_twim_xfer
                0x00000000000036c0      0x330 _build/nrfx_twim.o
                0x00000000000036c0                nrfx_twim_xfer
 .text.POWER_CLOCK_IRQHandler
                0x00000000000039f0       0x5c _build/nrfx_clock.o
                0x00000000000039f0                POWER_CLOCK_IRQHandler
 .text.nrf_uart_event_clear
                0x0000000000003a4c       0x10 _build/nrfx_uart.o
 .text.tx_byte  0x0000000000003a5c       0x1e _build/nrfx_uart.o
 *fill*         0x0000000000003a7a        0x2 
 .text.nrf_gpio_pin_port_decode
                0x0000000000003a7c       0x30 _build/nrfx_uart.o
 .text.nrf_gpio_cfg_default
                0x0000000000003aac       0x1c _build/nrfx_uart.o
 .text.rx_enable.isra.0
                0x0000000000003ac8       0x20 _build/nrfx_uart.o
 .text.rx_byte  0x0000000000003ae8       0x2c _build/nrfx_uart.o
 .text.rx_done_event.constprop.0
                0x0000000000003b14       0x20 _build/nrfx_uart.o
 .text.nrfx_uart_0_irq_handler
                0x0000000000003b34      0x13c _build/nrfx_uart.o
                0x0000000000003b34                nrfx_uart_0_irq_handler
 .text.nrfx_uart_init
                0x0000000000003c70      0x1e4 _build/nrfx_uart.o
                0x0000000000003c70                nrfx_uart_init
 .text.nrfx_uart_uninit
                0x0000000000003e54       0xc0 _build/nrfx_uart.o
                0x0000000000003e54                nrfx_uart_uninit
 .text.nrfx_uart_tx
                0x0000000000003f14       0xe0 _build/nrfx_uart.o
                0x0000000000003f14                nrfx_uart_tx
 .text.nrfx_uart_rx
                0x0000000000003ff4      0x130 _build/nrfx_uart.o
                0x0000000000003ff4                nrfx_uart_rx
 .text.nrf_uarte_event_clear
                0x0000000000004124       0x10 _build/nrfx_uarte.o
 .text.nrf_gpio_pin_port_decode
                0x0000000000004134       0x30 _build/nrfx_uarte.o
 .text.nrf_gpio_cfg_default
                0x0000000000004164       0x1c _build/nrfx_uarte.o
 .text.rx_done_event.constprop.0
                0x0000000000004180       0x20 _build/nrfx_uarte.o
 .text.nrfx_uarte_0_irq_handler
                0x00000000000041a0      0x118 _build/nrfx_uarte.o
                0x00000000000041a0                nrfx_uarte_0_irq_handler
 .text.nrfx_uarte_init
                0x00000000000042b8      0x1f8 _build/nrfx_uarte.o
                0x00000000000042b8                nrfx_uarte_init
 .text.nrfx_uarte_uninit
                0x00000000000044b0       0xec _build/nrfx_uarte.o
                0x00000000000044b0                nrfx_uarte_uninit
 .text.nrfx_uarte_tx
                0x000000000000459c       0xf4 _build/nrfx_uarte.o
                0x000000000000459c                nrfx_uarte_tx
 .text.nrfx_uarte_rx
                0x0000000000004690      0x130 _build/nrfx_uarte.o
                0x0000000000004690                nrfx_uarte_rx
 .text.internal_transaction_cb
                0x00000000000047c0        0xa _build/nrf_twi_mngr.o
 *fill*         0x00000000000047ca        0x2 
 .text.transaction_end_signal
                0x00000000000047cc       0x30 _build/nrf_twi_mngr.o
 .text.start_transfer
                0x00000000000047fc       0xc4 _build/nrf_twi_mngr.o
 .text.start_pending_transaction
                0x00000000000048c0       0xb0 _build/nrf_twi_mngr.o
 .text.twi_event_handler
                0x0000000000004970       0x58 _build/nrf_twi_mngr.o
 .text.nrf_twi_mngr_init
                0x00000000000049c8       0x78 _build/nrf_twi_mngr.o
                0x00000000000049c8                nrf_twi_mngr_init
 .text.nrf_twi_mngr_schedule
                0x0000000000004a40       0x60 _build/nrf_twi_mngr.o
                0x0000000000004a40                nrf_twi_mngr_schedule
 .text.nrf_twi_mngr_perform
                0x0000000000004aa0       0x84 _build/nrf_twi_mngr.o
                0x0000000000004aa0                nrf_twi_mngr_perform
 .text.nrf_pwm_event_clear
                0x0000000000004b24       0x10 _build/nrfx_pwm.o
 .text.PWM0_IRQHandler
                0x0000000000004b34       0x90 _build/nrfx_pwm.o
                0x0000000000004b34                PWM0_IRQHandler
 .text.errata_36
                0x0000000000004bc4       0x20 _build/system_nrf52833.o
 .text.SystemInit
                0x0000000000004be4      0x174 _build/system_nrf52833.o
                0x0000000000004be4                SystemInit
 .text          0x0000000000004d58       0x3c _build/gcc_startup_nrf52833.os
                0x0000000000004d58                Reset_Handler
                0x0000000000004d80                NMI_Handler
                0x0000000000004d84                MemoryManagement_Handler
                0x0000000000004d86                BusFault_Handler
                0x0000000000004d88                UsageFault_Handler
                0x0000000000004d8a                SVC_Handler
                0x0000000000004d8c                DebugMon_Handler
                0x0000000000004d8e                PendSV_Handler
                0x0000000000004d90                SysTick_Handler
                0x0000000000004d92                PWM3_IRQHandler
                0x0000000000004d92                FPU_IRQHandler
                0x0000000000004d92                USBD_IRQHandler
                0x0000000000004d92                TIMER4_IRQHandler
                0x0000000000004d92                I2S_IRQHandler
                0x0000000000004d92                SWI4_EGU4_IRQHandler
                0x0000000000004d92                UARTE1_IRQHandler
                0x0000000000004d92                SPIM3_IRQHandler
                0x0000000000004d92                PWM2_IRQHandler
                0x0000000000004d92                ECB_IRQHandler
                0x0000000000004d92                SPIM1_SPIS1_TWIM1_TWIS1_SPI1_TWI1_IRQHandler
                0x0000000000004d92                Default_Handler
                0x0000000000004d92                CCM_AAR_IRQHandler
                0x0000000000004d92                WDT_IRQHandler
                0x0000000000004d92                SWI5_EGU5_IRQHandler
                0x0000000000004d92                RNG_IRQHandler
                0x0000000000004d92                RTC2_IRQHandler
                0x0000000000004d92                SWI3_EGU3_IRQHandler
                0x0000000000004d92                SWI1_EGU1_IRQHandler
                0x0000000000004d92                SPIM2_SPIS2_SPI2_IRQHandler
                0x0000000000004d92                NFCT_IRQHandler
                0x0000000000004d92                MWU_IRQHandler
                0x0000000000004d92                TIMER2_IRQHandler
                0x0000000000004d92                COMP_LPCOMP_IRQHandler
                0x0000000000004d92                RTC0_IRQHandler
                0x0000000000004d92                SWI2_EGU2_IRQHandler
                0x0000000000004d92                PWM1_IRQHandler
                0x0000000000004d92                RADIO_IRQHandler
                0x0000000000004d92                PDM_IRQHandler
                0x0000000000004d92                TEMP_IRQHandler
                0x0000000000004d92                QDEC_IRQHandler
                0x0000000000004d92                TIMER3_IRQHandler
 .text.exit     0x0000000000004d94       0x20 /usr/local/Cellar/arm-none-eabi-gcc/9-2019-q4-major/gcc/bin/../lib/gcc/arm-none-eabi/9.2.1/../../../../arm-none-eabi/lib/thumb/v7e-m+fp/hard/libc.a(lib_a-exit.o)
                0x0000000000004d94                exit
 .text.__libc_init_array
                0x0000000000004db4       0x48 /usr/local/Cellar/arm-none-eabi-gcc/9-2019-q4-major/gcc/bin/../lib/gcc/arm-none-eabi/9.2.1/../../../../arm-none-eabi/lib/thumb/v7e-m+fp/hard/libc.a(lib_a-init.o)
                0x0000000000004db4                __libc_init_array
 .text.memcmp   0x0000000000004dfc       0x60 /usr/local/Cellar/arm-none-eabi-gcc/9-2019-q4-major/gcc/bin/../lib/gcc/arm-none-eabi/9.2.1/../../../../arm-none-eabi/lib/thumb/v7e-m+fp/hard/libc.a(lib_a-memcmp.o)
                0x0000000000004dfc                memcmp
 .text          0x0000000000004e5c      0x134 /usr/local/Cellar/arm-none-eabi-gcc/9-2019-q4-major/gcc/bin/../lib/gcc/arm-none-eabi/9.2.1/../../../../arm-none-eabi/lib/thumb/v7e-m+fp/hard/libc.a(lib_a-memcpy.o)
                0x0000000000004e5c                memcpy
 .text.memset   0x0000000000004f90       0xa0 /usr/local/Cellar/arm-none-eabi-gcc/9-2019-q4-major/gcc/bin/../lib/gcc/arm-none-eabi/9.2.1/../../../../arm-none-eabi/lib/thumb/v7e-m+fp/hard/libc.a(lib_a-memset.o)
                0x0000000000004f90                memset
 .text.printf   0x0000000000005030       0x28 /usr/local/Cellar/arm-none-eabi-gcc/9-2019-q4-major/gcc/bin/../lib/gcc/arm-none-eabi/9.2.1/../../../../arm-none-eabi/lib/thumb/v7e-m+fp/hard/libc.a(lib_a-printf.o)
                0x0000000000005030                printf
 .text.setbuf   0x0000000000005058       0x10 /usr/local/Cellar/arm-none-eabi-gcc/9-2019-q4-major/gcc/bin/../lib/gcc/arm-none-eabi/9.2.1/../../../../arm-none-eabi/lib/thumb/v7e-m+fp/hard/libc.a(lib_a-setbuf.o)
                0x0000000000005058                setbuf
 .text.setvbuf  0x0000000000005068      0x1a0 /usr/local/Cellar/arm-none-eabi-gcc/9-2019-q4-major/gcc/bin/../lib/gcc/arm-none-eabi/9.2.1/../../../../arm-none-eabi/lib/thumb/v7e-m+fp/hard/libc.a(lib_a-setvbuf.o)
                0x0000000000005068                setvbuf
 *fill*         0x0000000000005208       0x38 
 .text          0x0000000000005240       0xdc /usr/local/Cellar/arm-none-eabi-gcc/9-2019-q4-major/gcc/bin/../lib/gcc/arm-none-eabi/9.2.1/../../../../arm-none-eabi/lib/thumb/v7e-m+fp/hard/libc.a(lib_a-strlen.o)
                0x0000000000005240                strlen
 *fill*         0x000000000000531c        0x4 
 .text._vfprintf_r
                0x0000000000005320     0x1be0 /usr/local/Cellar/arm-none-eabi-gcc/9-2019-q4-major/gcc/bin/../lib/gcc/arm-none-eabi/9.2.1/../../../../arm-none-eabi/lib/thumb/v7e-m+fp/hard/libc.a(lib_a-vfprintf.o)
                0x0000000000005320                _vfprintf_r
 .text.__sbprintf
                0x0000000000006f00       0x84 /usr/local/Cellar/arm-none-eabi-gcc/9-2019-q4-major/gcc/bin/../lib/gcc/arm-none-eabi/9.2.1/../../../../arm-none-eabi/lib/thumb/v7e-m+fp/hard/libc.a(lib_a-vfprintf.o)
 .text.__swsetup_r
                0x0000000000006f84       0xd0 /usr/local/Cellar/arm-none-eabi-gcc/9-2019-q4-major/gcc/bin/../lib/gcc/arm-none-eabi/9.2.1/../../../../arm-none-eabi/lib/thumb/v7e-m+fp/hard/libc.a(lib_a-wsetup.o)
                0x0000000000006f84                __swsetup_r
 .text.startup.register_fini
                0x0000000000007054       0x14 /usr/local/Cellar/arm-none-eabi-gcc/9-2019-q4-major/gcc/bin/../lib/gcc/arm-none-eabi/9.2.1/../../../../arm-none-eabi/lib/thumb/v7e-m+fp/hard/libc.a(lib_a-__call_atexit.o)
 .text.__call_exitprocs
                0x0000000000007068       0xcc /usr/local/Cellar/arm-none-eabi-gcc/9-2019-q4-major/gcc/bin/../lib/gcc/arm-none-eabi/9.2.1/../../../../arm-none-eabi/lib/thumb/v7e-m+fp/hard/libc.a(lib_a-__call_atexit.o)
                0x0000000000007068                __call_exitprocs
 .text.atexit   0x0000000000007134        0xc /usr/local/Cellar/arm-none-eabi-gcc/9-2019-q4-major/gcc/bin/../lib/gcc/arm-none-eabi/9.2.1/../../../../arm-none-eabi/lib/thumb/v7e-m+fp/hard/libc.a(lib_a-atexit.o)
                0x0000000000007134                atexit
 .text.quorem   0x0000000000007140      0x11c /usr/local/Cellar/arm-none-eabi-gcc/9-2019-q4-major/gcc/bin/../lib/gcc/arm-none-eabi/9.2.1/../../../../arm-none-eabi/lib/thumb/v7e-m+fp/hard/libc.a(lib_a-dtoa.o)
 *fill*         0x000000000000725c        0x4 
 .text._dtoa_r  0x0000000000007260      0xeec /usr/local/Cellar/arm-none-eabi-gcc/9-2019-q4-major/gcc/bin/../lib/gcc/arm-none-eabi/9.2.1/../../../../arm-none-eabi/lib/thumb/v7e-m+fp/hard/libc.a(lib_a-dtoa.o)
                0x0000000000007260                _dtoa_r
 .text.__sflush_r
                0x000000000000814c      0x130 /usr/local/Cellar/arm-none-eabi-gcc/9-2019-q4-major/gcc/bin/../lib/gcc/arm-none-eabi/9.2.1/../../../../arm-none-eabi/lib/thumb/v7e-m+fp/hard/libc.a(lib_a-fflush.o)
                0x000000000000814c                __sflush_r
 .text._fflush_r
                0x000000000000827c       0x5c /usr/local/Cellar/arm-none-eabi-gcc/9-2019-q4-major/gcc/bin/../lib/gcc/arm-none-eabi/9.2.1/../../../../arm-none-eabi/lib/thumb/v7e-m+fp/hard/libc.a(lib_a-fflush.o)
                0x000000000000827c                _fflush_r
 .text.std      0x00000000000082d8       0x50 /usr/local/Cellar/arm-none-eabi-gcc/9-2019-q4-major/gcc/bin/../lib/gcc/arm-none-eabi/9.2.1/../../../../arm-none-eabi/lib/thumb/v7e-m+fp/hard/libc.a(lib_a-findfp.o)
 .text._cleanup_r
                0x0000000000008328        0xc /usr/local/Cellar/arm-none-eabi-gcc/9-2019-q4-major/gcc/bin/../lib/gcc/arm-none-eabi/9.2.1/../../../../arm-none-eabi/lib/thumb/v7e-m+fp/hard/libc.a(lib_a-findfp.o)
                0x0000000000008328                _cleanup_r
 .text.__sinit  0x0000000000008334       0x54 /usr/local/Cellar/arm-none-eabi-gcc/9-2019-q4-major/gcc/bin/../lib/gcc/arm-none-eabi/9.2.1/../../../../arm-none-eabi/lib/thumb/v7e-m+fp/hard/libc.a(lib_a-findfp.o)
                0x0000000000008334                __sinit
 .text.__sfp_lock_acquire
                0x0000000000008388        0xc /usr/local/Cellar/arm-none-eabi-gcc/9-2019-q4-major/gcc/bin/../lib/gcc/arm-none-eabi/9.2.1/../../../../arm-none-eabi/lib/thumb/v7e-m+fp/hard/libc.a(lib_a-findfp.o)
                0x0000000000008388                __sfp_lock_acquire
 .text.__sfp_lock_release
                0x0000000000008394        0xc /usr/local/Cellar/arm-none-eabi-gcc/9-2019-q4-major/gcc/bin/../lib/gcc/arm-none-eabi/9.2.1/../../../../arm-none-eabi/lib/thumb/v7e-m+fp/hard/libc.a(lib_a-findfp.o)
                0x0000000000008394                __sfp_lock_release
 .text.__libc_fini_array
                0x00000000000083a0       0x2c /usr/local/Cellar/arm-none-eabi-gcc/9-2019-q4-major/gcc/bin/../lib/gcc/arm-none-eabi/9.2.1/../../../../arm-none-eabi/lib/thumb/v7e-m+fp/hard/libc.a(lib_a-fini.o)
                0x00000000000083a0                __libc_fini_array
 .text._malloc_trim_r
                0x00000000000083cc       0xa0 /usr/local/Cellar/arm-none-eabi-gcc/9-2019-q4-major/gcc/bin/../lib/gcc/arm-none-eabi/9.2.1/../../../../arm-none-eabi/lib/thumb/v7e-m+fp/hard/libc.a(lib_a-freer.o)
                0x00000000000083cc                _malloc_trim_r
 .text._free_r  0x000000000000846c      0x208 /usr/local/Cellar/arm-none-eabi-gcc/9-2019-q4-major/gcc/bin/../lib/gcc/arm-none-eabi/9.2.1/../../../../arm-none-eabi/lib/thumb/v7e-m+fp/hard/libc.a(lib_a-freer.o)
                0x000000000000846c                _free_r
 .text._fwalk_reent
                0x0000000000008674       0x48 /usr/local/Cellar/arm-none-eabi-gcc/9-2019-q4-major/gcc/bin/../lib/gcc/arm-none-eabi/9.2.1/../../../../arm-none-eabi/lib/thumb/v7e-m+fp/hard/libc.a(lib_a-fwalk.o)
                0x0000000000008674                _fwalk_reent
 .text._localeconv_r
                0x00000000000086bc        0x8 /usr/local/Cellar/arm-none-eabi-gcc/9-2019-q4-major/gcc/bin/../lib/gcc/arm-none-eabi/9.2.1/../../../../arm-none-eabi/lib/thumb/v7e-m+fp/hard/libc.a(lib_a-localeconv.o)
                0x00000000000086bc                _localeconv_r
 .text.__retarget_lock_init_recursive
                0x00000000000086c4        0x4 /usr/local/Cellar/arm-none-eabi-gcc/9-2019-q4-major/gcc/bin/../lib/gcc/arm-none-eabi/9.2.1/../../../../arm-none-eabi/lib/thumb/v7e-m+fp/hard/libc.a(lib_a-lock.o)
                0x00000000000086c4                __retarget_lock_init_recursive
 .text.__retarget_lock_close_recursive
                0x00000000000086c8        0x4 /usr/local/Cellar/arm-none-eabi-gcc/9-2019-q4-major/gcc/bin/../lib/gcc/arm-none-eabi/9.2.1/../../../../arm-none-eabi/lib/thumb/v7e-m+fp/hard/libc.a(lib_a-lock.o)
                0x00000000000086c8                __retarget_lock_close_recursive
 .text.__retarget_lock_acquire_recursive
                0x00000000000086cc        0x4 /usr/local/Cellar/arm-none-eabi-gcc/9-2019-q4-major/gcc/bin/../lib/gcc/arm-none-eabi/9.2.1/../../../../arm-none-eabi/lib/thumb/v7e-m+fp/hard/libc.a(lib_a-lock.o)
                0x00000000000086cc                __retarget_lock_acquire_recursive
 .text.__retarget_lock_release_recursive
                0x00000000000086d0        0x4 /usr/local/Cellar/arm-none-eabi-gcc/9-2019-q4-major/gcc/bin/../lib/gcc/arm-none-eabi/9.2.1/../../../../arm-none-eabi/lib/thumb/v7e-m+fp/hard/libc.a(lib_a-lock.o)
                0x00000000000086d0                __retarget_lock_release_recursive
 .text.__swhatbuf_r
                0x00000000000086d4       0x5c /usr/local/Cellar/arm-none-eabi-gcc/9-2019-q4-major/gcc/bin/../lib/gcc/arm-none-eabi/9.2.1/../../../../arm-none-eabi/lib/thumb/v7e-m+fp/hard/libc.a(lib_a-makebuf.o)
                0x00000000000086d4                __swhatbuf_r
 .text.__smakebuf_r
                0x0000000000008730       0x98 /usr/local/Cellar/arm-none-eabi-gcc/9-2019-q4-major/gcc/bin/../lib/gcc/arm-none-eabi/9.2.1/../../../../arm-none-eabi/lib/thumb/v7e-m+fp/hard/libc.a(lib_a-makebuf.o)
                0x0000000000008730                __smakebuf_r
 .text.malloc   0x00000000000087c8       0x10 /usr/local/Cellar/arm-none-eabi-gcc/9-2019-q4-major/gcc/bin/../lib/gcc/arm-none-eabi/9.2.1/../../../../arm-none-eabi/lib/thumb/v7e-m+fp/hard/libc.a(lib_a-malloc.o)
                0x00000000000087c8                malloc
 .text._malloc_r
                0x00000000000087d8      0x574 /usr/local/Cellar/arm-none-eabi-gcc/9-2019-q4-major/gcc/bin/../lib/gcc/arm-none-eabi/9.2.1/../../../../arm-none-eabi/lib/thumb/v7e-m+fp/hard/libc.a(lib_a-mallocr.o)
                0x00000000000087d8                _malloc_r
 *fill*         0x0000000000008d4c        0x4 
 .text          0x0000000000008d50       0xa0 /usr/local/Cellar/arm-none-eabi-gcc/9-2019-q4-major/gcc/bin/../lib/gcc/arm-none-eabi/9.2.1/../../../../arm-none-eabi/lib/thumb/v7e-m+fp/hard/libc.a(lib_a-memchr.o)
                0x0000000000008d50                memchr
 .text.__malloc_lock
                0x0000000000008df0        0xc /usr/local/Cellar/arm-none-eabi-gcc/9-2019-q4-major/gcc/bin/../lib/gcc/arm-none-eabi/9.2.1/../../../../arm-none-eabi/lib/thumb/v7e-m+fp/hard/libc.a(lib_a-mlock.o)
                0x0000000000008df0                __malloc_lock
 .text.__malloc_unlock
                0x0000000000008dfc        0xc /usr/local/Cellar/arm-none-eabi-gcc/9-2019-q4-major/gcc/bin/../lib/gcc/arm-none-eabi/9.2.1/../../../../arm-none-eabi/lib/thumb/v7e-m+fp/hard/libc.a(lib_a-mlock.o)
                0x0000000000008dfc                __malloc_unlock
 .text._Balloc  0x0000000000008e08       0x4c /usr/local/Cellar/arm-none-eabi-gcc/9-2019-q4-major/gcc/bin/../lib/gcc/arm-none-eabi/9.2.1/../../../../arm-none-eabi/lib/thumb/v7e-m+fp/hard/libc.a(lib_a-mprec.o)
                0x0000000000008e08                _Balloc
 .text._Bfree   0x0000000000008e54       0x14 /usr/local/Cellar/arm-none-eabi-gcc/9-2019-q4-major/gcc/bin/../lib/gcc/arm-none-eabi/9.2.1/../../../../arm-none-eabi/lib/thumb/v7e-m+fp/hard/libc.a(lib_a-mprec.o)
                0x0000000000008e54                _Bfree
 .text.__multadd
                0x0000000000008e68       0x8c /usr/local/Cellar/arm-none-eabi-gcc/9-2019-q4-major/gcc/bin/../lib/gcc/arm-none-eabi/9.2.1/../../../../arm-none-eabi/lib/thumb/v7e-m+fp/hard/libc.a(lib_a-mprec.o)
                0x0000000000008e68                __multadd
 .text.__hi0bits
                0x0000000000008ef4       0x40 /usr/local/Cellar/arm-none-eabi-gcc/9-2019-q4-major/gcc/bin/../lib/gcc/arm-none-eabi/9.2.1/../../../../arm-none-eabi/lib/thumb/v7e-m+fp/hard/libc.a(lib_a-mprec.o)
                0x0000000000008ef4                __hi0bits
 .text.__lo0bits
                0x0000000000008f34       0x60 /usr/local/Cellar/arm-none-eabi-gcc/9-2019-q4-major/gcc/bin/../lib/gcc/arm-none-eabi/9.2.1/../../../../arm-none-eabi/lib/thumb/v7e-m+fp/hard/libc.a(lib_a-mprec.o)
                0x0000000000008f34                __lo0bits
 .text.__i2b    0x0000000000008f94       0x14 /usr/local/Cellar/arm-none-eabi-gcc/9-2019-q4-major/gcc/bin/../lib/gcc/arm-none-eabi/9.2.1/../../../../arm-none-eabi/lib/thumb/v7e-m+fp/hard/libc.a(lib_a-mprec.o)
                0x0000000000008f94                __i2b
 .text.__multiply
                0x0000000000008fa8      0x144 /usr/local/Cellar/arm-none-eabi-gcc/9-2019-q4-major/gcc/bin/../lib/gcc/arm-none-eabi/9.2.1/../../../../arm-none-eabi/lib/thumb/v7e-m+fp/hard/libc.a(lib_a-mprec.o)
                0x0000000000008fa8                __multiply
 .text.__pow5mult
                0x00000000000090ec       0xa0 /usr/local/Cellar/arm-none-eabi-gcc/9-2019-q4-major/gcc/bin/../lib/gcc/arm-none-eabi/9.2.1/../../../../arm-none-eabi/lib/thumb/v7e-m+fp/hard/libc.a(lib_a-mprec.o)
                0x00000000000090ec                __pow5mult
 .text.__lshift
                0x000000000000918c       0xd4 /usr/local/Cellar/arm-none-eabi-gcc/9-2019-q4-major/gcc/bin/../lib/gcc/arm-none-eabi/9.2.1/../../../../arm-none-eabi/lib/thumb/v7e-m+fp/hard/libc.a(lib_a-mprec.o)
                0x000000000000918c                __lshift
 .text.__mcmp   0x0000000000009260       0x3c /usr/local/Cellar/arm-none-eabi-gcc/9-2019-q4-major/gcc/bin/../lib/gcc/arm-none-eabi/9.2.1/../../../../arm-none-eabi/lib/thumb/v7e-m+fp/hard/libc.a(lib_a-mprec.o)
                0x0000000000009260                __mcmp
 .text.__mdiff  0x000000000000929c      0x138 /usr/local/Cellar/arm-none-eabi-gcc/9-2019-q4-major/gcc/bin/../lib/gcc/arm-none-eabi/9.2.1/../../../../arm-none-eabi/lib/thumb/v7e-m+fp/hard/libc.a(lib_a-mprec.o)
                0x000000000000929c                __mdiff
 .text.__d2b    0x00000000000093d4       0xbc /usr/local/Cellar/arm-none-eabi-gcc/9-2019-q4-major/gcc/bin/../lib/gcc/arm-none-eabi/9.2.1/../../../../arm-none-eabi/lib/thumb/v7e-m+fp/hard/libc.a(lib_a-mprec.o)
                0x00000000000093d4                __d2b
 .text.frexp    0x0000000000009490       0x6c /usr/local/Cellar/arm-none-eabi-gcc/9-2019-q4-major/gcc/bin/../lib/gcc/arm-none-eabi/9.2.1/../../../../arm-none-eabi/lib/thumb/v7e-m+fp/hard/libc.a(lib_a-s_frexp.o)
                0x0000000000009490                frexp
 .text._sbrk_r  0x00000000000094fc       0x24 /usr/local/Cellar/arm-none-eabi-gcc/9-2019-q4-major/gcc/bin/../lib/gcc/arm-none-eabi/9.2.1/../../../../arm-none-eabi/lib/thumb/v7e-m+fp/hard/libc.a(lib_a-sbrkr.o)
                0x00000000000094fc                _sbrk_r
 .text.__sread  0x0000000000009520       0x24 /usr/local/Cellar/arm-none-eabi-gcc/9-2019-q4-major/gcc/bin/../lib/gcc/arm-none-eabi/9.2.1/../../../../arm-none-eabi/lib/thumb/v7e-m+fp/hard/libc.a(lib_a-stdio.o)
                0x0000000000009520                __sread
 .text.__swrite
                0x0000000000009544       0x40 /usr/local/Cellar/arm-none-eabi-gcc/9-2019-q4-major/gcc/bin/../lib/gcc/arm-none-eabi/9.2.1/../../../../arm-none-eabi/lib/thumb/v7e-m+fp/hard/libc.a(lib_a-stdio.o)
                0x0000000000009544                __swrite
 .text.__sseek  0x0000000000009584       0x20 /usr/local/Cellar/arm-none-eabi-gcc/9-2019-q4-major/gcc/bin/../lib/gcc/arm-none-eabi/9.2.1/../../../../arm-none-eabi/lib/thumb/v7e-m+fp/hard/libc.a(lib_a-stdio.o)
                0x0000000000009584                __sseek
 .text.__sclose
                0x00000000000095a4        0x8 /usr/local/Cellar/arm-none-eabi-gcc/9-2019-q4-major/gcc/bin/../lib/gcc/arm-none-eabi/9.2.1/../../../../arm-none-eabi/lib/thumb/v7e-m+fp/hard/libc.a(lib_a-stdio.o)
                0x00000000000095a4                __sclose
 .text.strncpy  0x00000000000095ac       0x68 /usr/local/Cellar/arm-none-eabi-gcc/9-2019-q4-major/gcc/bin/../lib/gcc/arm-none-eabi/9.2.1/../../../../arm-none-eabi/lib/thumb/v7e-m+fp/hard/libc.a(lib_a-strncpy.o)
                0x00000000000095ac                strncpy
 .text.__sprint_r.part.0
                0x0000000000009614       0x78 /usr/local/Cellar/arm-none-eabi-gcc/9-2019-q4-major/gcc/bin/../lib/gcc/arm-none-eabi/9.2.1/../../../../arm-none-eabi/lib/thumb/v7e-m+fp/hard/libc.a(lib_a-vfiprintf.o)
 .text.__sprint_r
                0x000000000000968c       0x18 /usr/local/Cellar/arm-none-eabi-gcc/9-2019-q4-major/gcc/bin/../lib/gcc/arm-none-eabi/9.2.1/../../../../arm-none-eabi/lib/thumb/v7e-m+fp/hard/libc.a(lib_a-vfiprintf.o)
                0x000000000000968c                __sprint_r
 .text._write_r
                0x00000000000096a4       0x2c /usr/local/Cellar/arm-none-eabi-gcc/9-2019-q4-major/gcc/bin/../lib/gcc/arm-none-eabi/9.2.1/../../../../arm-none-eabi/lib/thumb/v7e-m+fp/hard/libc.a(lib_a-writer.o)
                0x00000000000096a4                _write_r
 .text.__register_exitproc
                0x00000000000096d0       0x8c /usr/local/Cellar/arm-none-eabi-gcc/9-2019-q4-major/gcc/bin/../lib/gcc/arm-none-eabi/9.2.1/../../../../arm-none-eabi/lib/thumb/v7e-m+fp/hard/libc.a(lib_a-__atexit.o)
                0x00000000000096d0                __register_exitproc
 .text._calloc_r
                0x000000000000975c       0x60 /usr/local/Cellar/arm-none-eabi-gcc/9-2019-q4-major/gcc/bin/../lib/gcc/arm-none-eabi/9.2.1/../../../../arm-none-eabi/lib/thumb/v7e-m+fp/hard/libc.a(lib_a-callocr.o)
                0x000000000000975c                _calloc_r
 .text._close_r
                0x00000000000097bc       0x24 /usr/local/Cellar/arm-none-eabi-gcc/9-2019-q4-major/gcc/bin/../lib/gcc/arm-none-eabi/9.2.1/../../../../arm-none-eabi/lib/thumb/v7e-m+fp/hard/libc.a(lib_a-closer.o)
                0x00000000000097bc                _close_r
 .text._fclose_r
                0x00000000000097e0       0xcc /usr/local/Cellar/arm-none-eabi-gcc/9-2019-q4-major/gcc/bin/../lib/gcc/arm-none-eabi/9.2.1/../../../../arm-none-eabi/lib/thumb/v7e-m+fp/hard/libc.a(lib_a-fclose.o)
                0x00000000000097e0                _fclose_r
 .text.__fputwc
                0x00000000000098ac       0xa8 /usr/local/Cellar/arm-none-eabi-gcc/9-2019-q4-major/gcc/bin/../lib/gcc/arm-none-eabi/9.2.1/../../../../arm-none-eabi/lib/thumb/v7e-m+fp/hard/libc.a(lib_a-fputwc.o)
                0x00000000000098ac                __fputwc
 .text._fputwc_r
                0x0000000000009954       0x68 /usr/local/Cellar/arm-none-eabi-gcc/9-2019-q4-major/gcc/bin/../lib/gcc/arm-none-eabi/9.2.1/../../../../arm-none-eabi/lib/thumb/v7e-m+fp/hard/libc.a(lib_a-fputwc.o)
                0x0000000000009954                _fputwc_r
 .text._fstat_r
                0x00000000000099bc       0x2c /usr/local/Cellar/arm-none-eabi-gcc/9-2019-q4-major/gcc/bin/../lib/gcc/arm-none-eabi/9.2.1/../../../../arm-none-eabi/lib/thumb/v7e-m+fp/hard/libc.a(lib_a-fstatr.o)
                0x00000000000099bc                _fstat_r
 .text.__sfvwrite_r
                0x00000000000099e8      0x2e0 /usr/local/Cellar/arm-none-eabi-gcc/9-2019-q4-major/gcc/bin/../lib/gcc/arm-none-eabi/9.2.1/../../../../arm-none-eabi/lib/thumb/v7e-m+fp/hard/libc.a(lib_a-fvwrite.o)
                0x00000000000099e8                __sfvwrite_r
 .text._isatty_r
                0x0000000000009cc8       0x24 /usr/local/Cellar/arm-none-eabi-gcc/9-2019-q4-major/gcc/bin/../lib/gcc/arm-none-eabi/9.2.1/../../../../arm-none-eabi/lib/thumb/v7e-m+fp/hard/libc.a(lib_a-isattyr.o)
                0x0000000000009cc8                _isatty_r
 .text.__locale_mb_cur_max
                0x0000000000009cec        0xc /usr/local/Cellar/arm-none-eabi-gcc/9-2019-q4-major/gcc/bin/../lib/gcc/arm-none-eabi/9.2.1/../../../../arm-none-eabi/lib/thumb/v7e-m+fp/hard/libc.a(lib_a-locale.o)
                0x0000000000009cec                __locale_mb_cur_max
 .text._lseek_r
                0x0000000000009cf8       0x2c /usr/local/Cellar/arm-none-eabi-gcc/9-2019-q4-major/gcc/bin/../lib/gcc/arm-none-eabi/9.2.1/../../../../arm-none-eabi/lib/thumb/v7e-m+fp/hard/libc.a(lib_a-lseekr.o)
                0x0000000000009cf8                _lseek_r
 .text.__ascii_mbtowc
                0x0000000000009d24       0x2c /usr/local/Cellar/arm-none-eabi-gcc/9-2019-q4-major/gcc/bin/../lib/gcc/arm-none-eabi/9.2.1/../../../../arm-none-eabi/lib/thumb/v7e-m+fp/hard/libc.a(lib_a-mbtowc_r.o)
                0x0000000000009d24                __ascii_mbtowc
 .text.memmove  0x0000000000009d50       0xd8 /usr/local/Cellar/arm-none-eabi-gcc/9-2019-q4-major/gcc/bin/../lib/gcc/arm-none-eabi/9.2.1/../../../../arm-none-eabi/lib/thumb/v7e-m+fp/hard/libc.a(lib_a-memmove.o)
                0x0000000000009d50                memmove
 .text._read_r  0x0000000000009e28       0x2c /usr/local/Cellar/arm-none-eabi-gcc/9-2019-q4-major/gcc/bin/../lib/gcc/arm-none-eabi/9.2.1/../../../../arm-none-eabi/lib/thumb/v7e-m+fp/hard/libc.a(lib_a-readr.o)
                0x0000000000009e28                _read_r
 .text._realloc_r
                0x0000000000009e54      0x3e0 /usr/local/Cellar/arm-none-eabi-gcc/9-2019-q4-major/gcc/bin/../lib/gcc/arm-none-eabi/9.2.1/../../../../arm-none-eabi/lib/thumb/v7e-m+fp/hard/libc.a(lib_a-reallocr.o)
                0x0000000000009e54                _realloc_r
 .text.__swbuf_r
                0x000000000000a234       0xb0 /usr/local/Cellar/arm-none-eabi-gcc/9-2019-q4-major/gcc/bin/../lib/gcc/arm-none-eabi/9.2.1/../../../../arm-none-eabi/lib/thumb/v7e-m+fp/hard/libc.a(lib_a-wbuf.o)
                0x000000000000a234                __swbuf_r
 .text._wcrtomb_r
                0x000000000000a2e4       0x3c /usr/local/Cellar/arm-none-eabi-gcc/9-2019-q4-major/gcc/bin/../lib/gcc/arm-none-eabi/9.2.1/../../../../arm-none-eabi/lib/thumb/v7e-m+fp/hard/libc.a(lib_a-wcrtomb.o)
                0x000000000000a2e4                _wcrtomb_r
 .text.__ascii_wctomb
                0x000000000000a320       0x1c /usr/local/Cellar/arm-none-eabi-gcc/9-2019-q4-major/gcc/bin/../lib/gcc/arm-none-eabi/9.2.1/../../../../arm-none-eabi/lib/thumb/v7e-m+fp/hard/libc.a(lib_a-wctomb_r.o)
                0x000000000000a320                __ascii_wctomb
 .text._close   0x000000000000a33c       0x10 /usr/local/Cellar/arm-none-eabi-gcc/9-2019-q4-major/gcc/bin/../lib/gcc/arm-none-eabi/9.2.1/../../../../arm-none-eabi/lib/thumb/v7e-m+fp/hard/libnosys.a(close.o)
                0x000000000000a33c                _close
 .text._fstat   0x000000000000a34c       0x10 /usr/local/Cellar/arm-none-eabi-gcc/9-2019-q4-major/gcc/bin/../lib/gcc/arm-none-eabi/9.2.1/../../../../arm-none-eabi/lib/thumb/v7e-m+fp/hard/libnosys.a(fstat.o)
                0x000000000000a34c                _fstat
 .text._isatty  0x000000000000a35c       0x10 /usr/local/Cellar/arm-none-eabi-gcc/9-2019-q4-major/gcc/bin/../lib/gcc/arm-none-eabi/9.2.1/../../../../arm-none-eabi/lib/thumb/v7e-m+fp/hard/libnosys.a(isatty.o)
                0x000000000000a35c                _isatty
 .text._lseek   0x000000000000a36c       0x10 /usr/local/Cellar/arm-none-eabi-gcc/9-2019-q4-major/gcc/bin/../lib/gcc/arm-none-eabi/9.2.1/../../../../arm-none-eabi/lib/thumb/v7e-m+fp/hard/libnosys.a(lseek.o)
                0x000000000000a36c                _lseek
 .text._sbrk    0x000000000000a37c       0x1c /usr/local/Cellar/arm-none-eabi-gcc/9-2019-q4-major/gcc/bin/../lib/gcc/arm-none-eabi/9.2.1/../../../../arm-none-eabi/lib/thumb/v7e-m+fp/hard/libnosys.a(sbrk.o)
                0x000000000000a37c                _sbrk
 .text._exit    0x000000000000a398        0x4 /usr/local/Cellar/arm-none-eabi-gcc/9-2019-q4-major/gcc/bin/../lib/gcc/arm-none-eabi/9.2.1/../../../../arm-none-eabi/lib/thumb/v7e-m+fp/hard/libnosys.a(_exit.o)
                0x000000000000a398                _exit
 *fill*         0x000000000000a39c        0x4 
 .text.atan     0x000000000000a3a0      0x368 /usr/local/Cellar/arm-none-eabi-gcc/9-2019-q4-major/gcc/bin/../lib/gcc/arm-none-eabi/9.2.1/../../../../arm-none-eabi/lib/thumb/v7e-m+fp/hard/libm.a(lib_a-s_atan.o)
                0x000000000000a3a0                atan
 .text.fabs     0x000000000000a708       0x14 /usr/local/Cellar/arm-none-eabi-gcc/9-2019-q4-major/gcc/bin/../lib/gcc/arm-none-eabi/9.2.1/../../../../arm-none-eabi/lib/thumb/v7e-m+fp/hard/libm.a(lib_a-s_fabs.o)
                0x000000000000a708                fabs
 .text.sqrt     0x000000000000a71c       0xbc /usr/local/Cellar/arm-none-eabi-gcc/9-2019-q4-major/gcc/bin/../lib/gcc/arm-none-eabi/9.2.1/../../../../arm-none-eabi/lib/thumb/v7e-m+fp/hard/libm.a(lib_a-w_sqrt.o)
                0x000000000000a71c                sqrt
 .text.__ieee754_sqrt
                0x000000000000a7d8      0x188 /usr/local/Cellar/arm-none-eabi-gcc/9-2019-q4-major/gcc/bin/../lib/gcc/arm-none-eabi/9.2.1/../../../../arm-none-eabi/lib/thumb/v7e-m+fp/hard/libm.a(lib_a-e_sqrt.o)
                0x000000000000a7d8                __ieee754_sqrt
 .text.matherr  0x000000000000a960        0x4 /usr/local/Cellar/arm-none-eabi-gcc/9-2019-q4-major/gcc/bin/../lib/gcc/arm-none-eabi/9.2.1/../../../../arm-none-eabi/lib/thumb/v7e-m+fp/hard/libm.a(lib_a-s_matherr.o)
                0x000000000000a960                matherr
 .text.__errno  0x000000000000a964        0xc /usr/local/Cellar/arm-none-eabi-gcc/9-2019-q4-major/gcc/bin/../lib/gcc/arm-none-eabi/9.2.1/../../../../arm-none-eabi/lib/thumb/v7e-m+fp/hard/libc.a(lib_a-errno.o)
                0x000000000000a964                __errno
 .text          0x000000000000a970      0x378 /usr/local/Cellar/arm-none-eabi-gcc/9-2019-q4-major/gcc/bin/../lib/gcc/arm-none-eabi/9.2.1/thumb/v7e-m+fp/hard/libgcc.a(_arm_addsubdf3.o)
                0x000000000000a970                __aeabi_drsub
                0x000000000000a978                __subdf3
                0x000000000000a978                __aeabi_dsub
                0x000000000000a97c                __aeabi_dadd
                0x000000000000a97c                __adddf3
                0x000000000000abf4                __aeabi_ui2d
                0x000000000000abf4                __floatunsidf
                0x000000000000ac14                __floatsidf
                0x000000000000ac14                __aeabi_i2d
                0x000000000000ac38                __extendsfdf2
                0x000000000000ac38                __aeabi_f2d
                0x000000000000ac7c                __aeabi_ul2d
                0x000000000000ac7c                __floatundidf
                0x000000000000ac8c                __aeabi_l2d
                0x000000000000ac8c                __floatdidf
 .text          0x000000000000ace8      0x424 /usr/local/Cellar/arm-none-eabi-gcc/9-2019-q4-major/gcc/bin/../lib/gcc/arm-none-eabi/9.2.1/thumb/v7e-m+fp/hard/libgcc.a(_arm_muldivdf3.o)
                0x000000000000ace8                __aeabi_dmul
                0x000000000000ace8                __muldf3
                0x000000000000af3c                __aeabi_ddiv
                0x000000000000af3c                __divdf3
 .text          0x000000000000b10c      0x110 /usr/local/Cellar/arm-none-eabi-gcc/9-2019-q4-major/gcc/bin/../lib/gcc/arm-none-eabi/9.2.1/thumb/v7e-m+fp/hard/libgcc.a(_arm_cmpdf2.o)
                0x000000000000b10c                __gedf2
                0x000000000000b10c                __gtdf2
                0x000000000000b114                __ledf2
                0x000000000000b114                __ltdf2
                0x000000000000b11c                __cmpdf2
                0x000000000000b11c                __eqdf2
                0x000000000000b11c                __nedf2
                0x000000000000b198                __aeabi_cdrcmple
                0x000000000000b1a8                __aeabi_cdcmple
                0x000000000000b1a8                __aeabi_cdcmpeq
                0x000000000000b1b8                __aeabi_dcmpeq
                0x000000000000b1cc                __aeabi_dcmplt
                0x000000000000b1e0                __aeabi_dcmple
                0x000000000000b1f4                __aeabi_dcmpge
                0x000000000000b208                __aeabi_dcmpgt
 .text          0x000000000000b21c       0x2c /usr/local/Cellar/arm-none-eabi-gcc/9-2019-q4-major/gcc/bin/../lib/gcc/arm-none-eabi/9.2.1/thumb/v7e-m+fp/hard/libgcc.a(_arm_unorddf2.o)
                0x000000000000b21c                __aeabi_dcmpun
                0x000000000000b21c                __unorddf2
 .text          0x000000000000b248       0x50 /usr/local/Cellar/arm-none-eabi-gcc/9-2019-q4-major/gcc/bin/../lib/gcc/arm-none-eabi/9.2.1/thumb/v7e-m+fp/hard/libgcc.a(_arm_fixdfsi.o)
                0x000000000000b248                __fixdfsi
                0x000000000000b248                __aeabi_d2iz
 .text          0x000000000000b298       0xa0 /usr/local/Cellar/arm-none-eabi-gcc/9-2019-q4-major/gcc/bin/../lib/gcc/arm-none-eabi/9.2.1/thumb/v7e-m+fp/hard/libgcc.a(_arm_truncdfsf2.o)
                0x000000000000b298                __aeabi_d2f
                0x000000000000b298                __truncdfsf2
 .text          0x000000000000b338       0x30 /usr/local/Cellar/arm-none-eabi-gcc/9-2019-q4-major/gcc/bin/../lib/gcc/arm-none-eabi/9.2.1/thumb/v7e-m+fp/hard/libgcc.a(_aeabi_uldivmod.o)
                0x000000000000b338                __aeabi_uldivmod
 .text          0x000000000000b368      0x2c4 /usr/local/Cellar/arm-none-eabi-gcc/9-2019-q4-major/gcc/bin/../lib/gcc/arm-none-eabi/9.2.1/thumb/v7e-m+fp/hard/libgcc.a(_udivmoddi4.o)
                0x000000000000b368                __udivmoddi4
 .text          0x000000000000b62c        0x4 /usr/local/Cellar/arm-none-eabi-gcc/9-2019-q4-major/gcc/bin/../lib/gcc/arm-none-eabi/9.2.1/thumb/v7e-m+fp/hard/libgcc.a(_dvmd_tls.o)
                0x000000000000b62c                __aeabi_ldiv0
                0x000000000000b62c                __aeabi_idiv0
 *(.init)
 .init          0x000000000000b630        0x4 /usr/local/Cellar/arm-none-eabi-gcc/9-2019-q4-major/gcc/bin/../lib/gcc/arm-none-eabi/9.2.1/thumb/v7e-m+fp/hard/crti.o
                0x000000000000b630                _init
 .init          0x000000000000b634        0x8 /usr/local/Cellar/arm-none-eabi-gcc/9-2019-q4-major/gcc/bin/../lib/gcc/arm-none-eabi/9.2.1/thumb/v7e-m+fp/hard/crtn.o
 *(.fini)
 .fini          0x000000000000b63c        0x4 /usr/local/Cellar/arm-none-eabi-gcc/9-2019-q4-major/gcc/bin/../lib/gcc/arm-none-eabi/9.2.1/thumb/v7e-m+fp/hard/crti.o
                0x000000000000b63c                _fini
 .fini          0x000000000000b640        0x8 /usr/local/Cellar/arm-none-eabi-gcc/9-2019-q4-major/gcc/bin/../lib/gcc/arm-none-eabi/9.2.1/thumb/v7e-m+fp/hard/crtn.o
 *crtbegin.o(.ctors)
 *crtbegin?.o(.ctors)
 *(EXCLUDE_FILE(*crtend.o *crtend?.o) .ctors)
 *(SORT_BY_NAME(.ctors.*))
 *(.ctors)
 *crtbegin.o(.dtors)
 *crtbegin?.o(.dtors)
 *(EXCLUDE_FILE(*crtend.o *crtend?.o) .dtors)
 *(SORT_BY_NAME(.dtors.*))
 *(.dtors)
 *(.rodata*)
 .rodata.update_char_y.str1.1
                0x000000000000b648       0x13 _build/char.o
 *fill*         0x000000000000b65b        0x1 
 .rodata.char_x
                0x000000000000b65c        0x4 _build/char.o
 .rodata.char_y
                0x000000000000b660        0x4 _build/char.o
 .rodata.nrf_gpio_pin_port_decode.str1.1
                0x000000000000b664       0x43 _build/led_matrix.o
 .rodata.led_matrix_init.str1.1
                0x000000000000b6a7       0x2b _build/led_matrix.o
 *fill*         0x000000000000b6d2        0x2 
 .rodata.button_check
                0x000000000000b6d4        0x4 _build/led_matrix.o
 .rodata.display_string
                0x000000000000b6d8        0x4 _build/led_matrix.o
 .rodata.update_ascii
                0x000000000000b6dc        0x4 _build/led_matrix.o
 .rodata.delay_machine_code.9094
                0x000000000000b6e0        0x6 _build/lsm303agr.o
 .rodata.main.str1.1
                0x000000000000b6e6       0x10 _build/main.o
 *fill*         0x000000000000b6f6        0x2 
 .rodata        0x000000000000b6f8       0x10 _build/main.o
 *fill*         0x000000000000b708        0x8 
 .rodata.delay_machine_code.8589
                0x000000000000b710        0x6 _build/main.o
 *fill*         0x000000000000b716        0x2 
 .rodata.twi_mngr_instance
                0x000000000000b718       0x18 _build/main.o
 .rodata.display_screen
                0x000000000000b730        0x4 _build/platform.o
 .rodata.timer_activate_platforms
                0x000000000000b734        0x4 _build/platform.o
 .rodata.timer_falling_platforms
                0x000000000000b738        0x4 _build/platform.o
 *fill*         0x000000000000b73c        0x4 
 .rodata.delay_machine_code.8589
                0x000000000000b740        0x6 _build/rng.o
 .rodata.nrf_gpio_pin_port_decode.str1.1
                0x000000000000b746       0x43 _build/better_error_handling.o
 .rodata.app_error_fault_handler.str1.1
                0x000000000000b746       0x78 _build/better_error_handling.o
 .rodata.LED_COLS
                0x000000000000b7be        0x5 _build/better_error_handling.o
 .rodata.LED_ROWS
                0x000000000000b7c3        0x5 _build/better_error_handling.o
 *fill*         0x000000000000b7c8        0x8 
 .rodata.delay_machine_code.8601
                0x000000000000b7d0        0x6 _build/better_error_handling.o
 .rodata.called_first.str1.1
                0x000000000000b7d6       0x6d _build/microbit_before_startup.o
 *fill*         0x000000000000b843        0xd 
 .rodata.delay_machine_code.8589
                0x000000000000b850        0x6 _build/microbit_before_startup.o
 .rodata.uart_init.constprop.0.str1.1
                0x000000000000b856       0x73 _build/microbit_nrf_log_backend_uart.o
 *fill*         0x000000000000b8c9        0x3 
 .rodata        0x000000000000b8cc       0x20 _build/microbit_nrf_log_backend_uart.o
 .rodata.nrf_log_backend_uart_api
                0x000000000000b8ec        0xc _build/microbit_nrf_log_backend_uart.o
                0x000000000000b8ec                nrf_log_backend_uart_api
 *fill*         0x000000000000b8f8        0x8 
 .rodata.delay_machine_code.9247
                0x000000000000b900        0x6 _build/app_timer.o
 .rodata.app_util_critical_region_enter.str1.1
                0x000000000000b906       0x55 _build/app_util_platform.o
 .rodata.HardFault_c_handler.str1.1
                0x000000000000b95b      0x12e _build/hardfault_implementation.o
 .rodata.str1.1
                0x000000000000ba89      0x4c0 _build/hardfault_implementation.o
 *fill*         0x000000000000bf49        0x3 
 .rodata.cfsr_msgs.9440
                0x000000000000bf4c       0x68 _build/hardfault_implementation.o
 .rodata.nrf_balloc_init.str1.1
                0x000000000000bfb4       0x50 _build/nrf_balloc.o
 .rodata.nrf_gpio_pin_port_decode.str1.1
                0x000000000000c004       0x43 _build/nrf_drv_twi.o
 *fill*         0x000000000000c004        0xc 
 .rodata.delay_machine_code.8589
                0x000000000000c010        0x6 _build/nrf_drv_twi.o
 .rodata.nrf_fprintf_buffer_flush.str1.1
                0x000000000000c016       0x46 _build/nrf_fprintf.o
 .rodata.nrf_fprintf_fmt.str1.1
                0x000000000000c05c       0x4d _build/nrf_fprintf_format.o
 .rodata._aV2C.7922
                0x000000000000c0a9       0x10 _build/nrf_fprintf_format.o
 .rodata.nrf_log_default_backends_init.str1.1
                0x000000000000c0b9       0x5f _build/nrf_log_default_backends.o
 .rodata.str1.1
                0x000000000000c118       0x11 _build/nrf_log_default_backends.o
 .rodata.buf_prealloc.str1.1
                0x000000000000c129       0x57 _build/nrf_log_frontend.o
 .rodata.nrf_log_frontend_dequeue.str1.1
                0x000000000000c180       0x11 _build/nrf_log_frontend.o
 .rodata.str1.1
                0x000000000000c191        0x4 _build/nrf_log_frontend.o
 *fill*         0x000000000000c195        0x3 
 .rodata.m_log_push_ringbuf
                0x000000000000c198        0xc _build/nrf_log_frontend.o
 .rodata.postfix_process.str1.1
                0x000000000000c1a4        0x8 _build/nrf_log_str_formatter.o
                                          0xb (size before relaxing)
 .rodata.prefix_process.str1.1
                0x000000000000c1ac       0x2a _build/nrf_log_str_formatter.o
 .rodata.nrf_log_hexdump_entry_process.str1.1
                0x000000000000c1d6        0xf _build/nrf_log_str_formatter.o
                                         0x11 (size before relaxing)
 .rodata.str1.1
                0x000000000000c1e5       0x4b _build/nrf_log_str_formatter.o
                                         0x51 (size before relaxing)
 .rodata.m_colors
                0x000000000000c230       0x24 _build/nrf_log_str_formatter.o
 .rodata.severity_names
                0x000000000000c254       0x14 _build/nrf_log_str_formatter.o
 .rodata.str1.1
                0x000000000000c268        0x9 _build/nrf_pwr_mgmt.o
 .rodata.memobj_op.str1.1
                0x000000000000c271       0x50 _build/nrf_memobj.o
 .rodata.str1.1
                0x000000000000c2c1      0x391 _build/nrf_strerror.o
 .rodata.m_unknown_str
                0x000000000000c652       0x13 _build/nrf_strerror.o
 *fill*         0x000000000000c665        0x3 
 .rodata.nrf_strerror_array
                0x000000000000c668      0x118 _build/nrf_strerror.o
 .rodata.nrf_queue_next_idx.str1.1
                0x000000000000c780       0x4e _build/nrf_queue.o
 .rodata.str1.1
                0x000000000000c7ce        0x6 _build/nrf_drv_clock.o
 .rodata.nrf_gpio_pin_port_decode.str1.1
                0x000000000000c7d4       0x43 _build/nrfx_gpiote.o
 .rodata.str1.1
                0x000000000000c7d4        0x7 _build/nrfx_gpiote.o
 .rodata.UARTE0_UART0_IRQHandler.str1.1
                0x000000000000c7db       0x4f _build/nrfx_prs.o
 .rodata.str1.1
                0x000000000000c82a        0x4 _build/nrfx_prs.o
 .rodata.str1.1
                0x000000000000c82e        0x6 _build/nrfx_saadc.o
 .rodata.str1.1
                0x000000000000c834        0x6 _build/nrfx_timer.o
 .rodata.nrf_gpio_pin_port_decode.str1.1
                0x000000000000c83a       0x43 _build/nrfx_twim.o
 .rodata.SPIM0_SPIS0_TWIM0_TWIS0_SPI0_TWI0_IRQHandler.str1.1
                0x000000000000c83a       0x4c _build/nrfx_twim.o
 .rodata.nrfx_twim_init.str1.1
                0x000000000000c886       0x44 _build/nrfx_twim.o
 .rodata.str1.1
                0x000000000000c8ca        0x5 _build/nrfx_twim.o
 .rodata.str1.1
                0x000000000000c8cf        0x6 _build/nrfx_clock.o
 .rodata.nrf_gpio_pin_port_decode.str1.1
                0x000000000000c8d5       0x43 _build/nrfx_uart.o
 .rodata.nrfx_uart_init.str1.1
                0x000000000000c8d5       0x4c _build/nrfx_uart.o
                                         0x90 (size before relaxing)
 .rodata.str1.1
                0x000000000000c921        0x5 _build/nrfx_uart.o
 .rodata.nrf_gpio_pin_port_decode.str1.1
                0x000000000000c926       0x43 _build/nrfx_uarte.o
 .rodata.nrfx_uarte_init.str1.1
                0x000000000000c926       0x4d _build/nrfx_uarte.o
                                         0x91 (size before relaxing)
 .rodata.str1.1
                0x000000000000c973        0x6 _build/nrfx_uarte.o
 .rodata.transaction_end_signal.str1.1
                0x000000000000c979       0x54 _build/nrf_twi_mngr.o
 .rodata.str1.1
                0x000000000000c9cd        0x4 _build/nrfx_pwm.o
 *fill*         0x000000000000c9d1        0x3 
 .rodata._ctype_
                0x000000000000c9d4      0x101 /usr/local/Cellar/arm-none-eabi-gcc/9-2019-q4-major/gcc/bin/../lib/gcc/arm-none-eabi/9.2.1/../../../../arm-none-eabi/lib/thumb/v7e-m+fp/hard/libc.a(lib_a-ctype_.o)
                0x000000000000c9d4                _ctype_
 *fill*         0x000000000000cad5        0x3 
 .rodata._global_impure_ptr
                0x000000000000cad8        0x4 /usr/local/Cellar/arm-none-eabi-gcc/9-2019-q4-major/gcc/bin/../lib/gcc/arm-none-eabi/9.2.1/../../../../arm-none-eabi/lib/thumb/v7e-m+fp/hard/libc.a(lib_a-impure.o)
                0x000000000000cad8                _global_impure_ptr
 .rodata._vfprintf_r.str1.4
                0x000000000000cadc       0x42 /usr/local/Cellar/arm-none-eabi-gcc/9-2019-q4-major/gcc/bin/../lib/gcc/arm-none-eabi/9.2.1/../../../../arm-none-eabi/lib/thumb/v7e-m+fp/hard/libc.a(lib_a-vfprintf.o)
 *fill*         0x000000000000cb1e        0x2 
 .rodata.blanks.8723
                0x000000000000cb20       0x10 /usr/local/Cellar/arm-none-eabi-gcc/9-2019-q4-major/gcc/bin/../lib/gcc/arm-none-eabi/9.2.1/../../../../arm-none-eabi/lib/thumb/v7e-m+fp/hard/libc.a(lib_a-vfprintf.o)
 .rodata.zeroes.8724
                0x000000000000cb30       0x10 /usr/local/Cellar/arm-none-eabi-gcc/9-2019-q4-major/gcc/bin/../lib/gcc/arm-none-eabi/9.2.1/../../../../arm-none-eabi/lib/thumb/v7e-m+fp/hard/libc.a(lib_a-vfprintf.o)
 .rodata._dtoa_r.str1.4
                0x000000000000cb40        0xd /usr/local/Cellar/arm-none-eabi-gcc/9-2019-q4-major/gcc/bin/../lib/gcc/arm-none-eabi/9.2.1/../../../../arm-none-eabi/lib/thumb/v7e-m+fp/hard/libc.a(lib_a-dtoa.o)
                                         0x12 (size before relaxing)
 *fill*         0x000000000000cb4d        0x3 
 .rodata.__mprec_bigtens
                0x000000000000cb50       0x28 /usr/local/Cellar/arm-none-eabi-gcc/9-2019-q4-major/gcc/bin/../lib/gcc/arm-none-eabi/9.2.1/../../../../arm-none-eabi/lib/thumb/v7e-m+fp/hard/libc.a(lib_a-mprec.o)
                0x000000000000cb50                __mprec_bigtens
 .rodata.__mprec_tens
                0x000000000000cb78       0xc8 /usr/local/Cellar/arm-none-eabi-gcc/9-2019-q4-major/gcc/bin/../lib/gcc/arm-none-eabi/9.2.1/../../../../arm-none-eabi/lib/thumb/v7e-m+fp/hard/libc.a(lib_a-mprec.o)
                0x000000000000cb78                __mprec_tens
 .rodata.p05.7478
                0x000000000000cc40        0xc /usr/local/Cellar/arm-none-eabi-gcc/9-2019-q4-major/gcc/bin/../lib/gcc/arm-none-eabi/9.2.1/../../../../arm-none-eabi/lib/thumb/v7e-m+fp/hard/libc.a(lib_a-mprec.o)
 .rodata._setlocale_r.str1.4
                0x000000000000cc4c        0xa /usr/local/Cellar/arm-none-eabi-gcc/9-2019-q4-major/gcc/bin/../lib/gcc/arm-none-eabi/9.2.1/../../../../arm-none-eabi/lib/thumb/v7e-m+fp/hard/libc.a(lib_a-locale.o)
                                          0xd (size before relaxing)
 *fill*         0x000000000000cc56        0x2 
 .rodata.str1.4
                0x000000000000cc58        0x2 /usr/local/Cellar/arm-none-eabi-gcc/9-2019-q4-major/gcc/bin/../lib/gcc/arm-none-eabi/9.2.1/../../../../arm-none-eabi/lib/thumb/v7e-m+fp/hard/libc.a(lib_a-locale.o)
 *fill*         0x000000000000cc5a        0x6 
 .rodata.atanhi
                0x000000000000cc60       0x20 /usr/local/Cellar/arm-none-eabi-gcc/9-2019-q4-major/gcc/bin/../lib/gcc/arm-none-eabi/9.2.1/../../../../arm-none-eabi/lib/thumb/v7e-m+fp/hard/libm.a(lib_a-s_atan.o)
 .rodata.atanlo
                0x000000000000cc80       0x20 /usr/local/Cellar/arm-none-eabi-gcc/9-2019-q4-major/gcc/bin/../lib/gcc/arm-none-eabi/9.2.1/../../../../arm-none-eabi/lib/thumb/v7e-m+fp/hard/libm.a(lib_a-s_atan.o)
 .rodata.sqrt.str1.4
                0x000000000000cca0        0x5 /usr/local/Cellar/arm-none-eabi-gcc/9-2019-q4-major/gcc/bin/../lib/gcc/arm-none-eabi/9.2.1/../../../../arm-none-eabi/lib/thumb/v7e-m+fp/hard/libm.a(lib_a-w_sqrt.o)
 *(.eh_frame*)
 *fill*         0x000000000000cca5        0x3 
 .eh_frame      0x000000000000cca8        0x0 /usr/local/Cellar/arm-none-eabi-gcc/9-2019-q4-major/gcc/bin/../lib/gcc/arm-none-eabi/9.2.1/thumb/v7e-m+fp/hard/crtbegin.o
 .eh_frame      0x000000000000cca8        0x4 /usr/local/Cellar/arm-none-eabi-gcc/9-2019-q4-major/gcc/bin/../lib/gcc/arm-none-eabi/9.2.1/thumb/v7e-m+fp/hard/crtend.o

.glue_7         0x000000000000ccac        0x0
 .glue_7        0x000000000000ccac        0x0 linker stubs

.glue_7t        0x000000000000ccac        0x0
 .glue_7t       0x000000000000ccac        0x0 linker stubs

.vfp11_veneer   0x000000000000ccac        0x0
 .vfp11_veneer  0x000000000000ccac        0x0 linker stubs

.v4_bx          0x000000000000ccac        0x0
 .v4_bx         0x000000000000ccac        0x0 linker stubs

.iplt           0x000000000000ccac        0x0
 .iplt          0x000000000000ccac        0x0 /usr/local/Cellar/arm-none-eabi-gcc/9-2019-q4-major/gcc/bin/../lib/gcc/arm-none-eabi/9.2.1/thumb/v7e-m+fp/hard/crtbegin.o

.pwr_mgmt_data  0x000000000000ccac        0x0
                0x000000000000ccac                PROVIDE (__start_pwr_mgmt_data = .)
 *(SORT_BY_NAME(.pwr_mgmt_data*))
                0x000000000000ccac                PROVIDE (__stop_pwr_mgmt_data = .)

.log_const_data
                0x000000000000ccac       0x68
                0x000000000000ccac                PROVIDE (__start_log_const_data = .)
 *(SORT_BY_NAME(.log_const_data*))
 .log_const_data_CLOCK
                0x000000000000ccac        0x8 _build/nrfx_clock.o
                0x000000000000ccac                m_nrf_log_CLOCK_logs_data_const
 .log_const_data_GPIOTE
                0x000000000000ccb4        0x8 _build/nrfx_gpiote.o
                0x000000000000ccb4                m_nrf_log_GPIOTE_logs_data_const
 .log_const_data_PRS
                0x000000000000ccbc        0x8 _build/nrfx_prs.o
                0x000000000000ccbc                m_nrf_log_PRS_logs_data_const
 .log_const_data_PWM
                0x000000000000ccc4        0x8 _build/nrfx_pwm.o
                0x000000000000ccc4                m_nrf_log_PWM_logs_data_const
 .log_const_data_SAADC
                0x000000000000cccc        0x8 _build/nrfx_saadc.o
                0x000000000000cccc                m_nrf_log_SAADC_logs_data_const
 .log_const_data_TIMER
                0x000000000000ccd4        0x8 _build/nrfx_timer.o
                0x000000000000ccd4                m_nrf_log_TIMER_logs_data_const
 .log_const_data_TWIM
                0x000000000000ccdc        0x8 _build/nrfx_twim.o
                0x000000000000ccdc                m_nrf_log_TWIM_logs_data_const
 .log_const_data_UART
                0x000000000000cce4        0x8 _build/nrfx_uart.o
                0x000000000000cce4                m_nrf_log_UART_logs_data_const
 .log_const_data_UARTE
                0x000000000000ccec        0x8 _build/nrfx_uarte.o
                0x000000000000ccec                m_nrf_log_UARTE_logs_data_const
 .log_const_data_app
                0x000000000000ccf4        0x8 _build/nrf_log_frontend.o
                0x000000000000ccf4                m_nrf_log_app_logs_data_const
 .log_const_data_clock
                0x000000000000ccfc        0x8 _build/nrf_drv_clock.o
                0x000000000000ccfc                m_nrf_log_clock_logs_data_const
 .log_const_data_hardfault
                0x000000000000cd04        0x8 _build/hardfault_implementation.o
                0x000000000000cd04                m_nrf_log_hardfault_logs_data_const
 .log_const_data_pwr_mgmt
                0x000000000000cd0c        0x8 _build/nrf_pwr_mgmt.o
                0x000000000000cd0c                m_nrf_log_pwr_mgmt_logs_data_const
                0x000000000000cd14                PROVIDE (__stop_log_const_data = .)

.nrf_balloc     0x000000000000cd14       0x14
                [!provide]                        PROVIDE (__start_nrf_balloc = .)
 *(.nrf_balloc)
 .nrf_balloc    0x000000000000cd14       0x14 _build/nrf_log_frontend.o
                0x000000000000cd14                log_mempool
                [!provide]                        PROVIDE (__stop_nrf_balloc = .)

.nrf_queue      0x000000000000cd28       0x14
                [!provide]                        PROVIDE (__start_nrf_queue = .)
 *(.nrf_queue)
 .nrf_queue     0x000000000000cd28       0x14 _build/main.o
                0x000000000000cd28                twi_mngr_instance_queue
                [!provide]                        PROVIDE (__stop_nrf_queue = .)

.log_backends   0x000000000000cd3c       0x10
 .log_backends  0x000000000000cd3c       0x10 _build/nrf_log_default_backends.o

.cli_command    0x000000000000cd4c        0x0
                [!provide]                        PROVIDE (__start_cli_command = .)
 *(.cli_command)
                [!provide]                        PROVIDE (__stop_cli_command = .)

.sdh_stack_observers
                0x000000000000cd4c        0x0
                [!provide]                        PROVIDE (__start_sdh_stack_observers = .)
 *(SORT_BY_NAME(.sdh_stack_observers*))
                [!provide]                        PROVIDE (__stop_sdh_stack_observers = .)

.sdh_req_observers
                0x000000000000cd4c        0x0
                [!provide]                        PROVIDE (__start_sdh_req_observers = .)
 *(SORT_BY_NAME(.sdh_req_observers*))
                [!provide]                        PROVIDE (__stop_sdh_req_observers = .)

.sdh_state_observers
                0x000000000000cd4c        0x0
                [!provide]                        PROVIDE (__start_sdh_state_observers = .)
 *(SORT_BY_NAME(.sdh_state_observers*))
                [!provide]                        PROVIDE (__stop_sdh_state_observers = .)

.sdh_ant_observers
                0x000000000000cd4c        0x0
                [!provide]                        PROVIDE (__start_sdh_ant_observers = .)
 *(SORT_BY_NAME(.sdh_ant_observers*))
                [!provide]                        PROVIDE (__stop_sdh_ant_observers = .)

.sdh_ble_observers
                0x000000000000cd4c        0x0
                [!provide]                        PROVIDE (__start_sdh_ble_observers = .)
 *(SORT_BY_NAME(.sdh_ble_observers*))
                [!provide]                        PROVIDE (__stop_sdh_ble_observers = .)

.sdh_soc_observers
                0x000000000000cd4c        0x0
                [!provide]                        PROVIDE (__start_sdh_soc_observers = .)
 *(SORT_BY_NAME(.sdh_soc_observers*))
                [!provide]                        PROVIDE (__stop_sdh_soc_observers = .)

.crypto_data    0x000000000000cd4c        0x0
                [!provide]                        PROVIDE (__start_crypto_data = .)
 *(SORT_BY_NAME(.crypto_data*))
                [!provide]                        PROVIDE (__stop_crypto_data = .)

.ARM.extab
 *(.ARM.extab* .gnu.linkonce.armextab.*)
                0x000000000000cd4c                __exidx_start = .

.ARM.exidx      0x000000000000cd4c        0x8
 *(.ARM.exidx* .gnu.linkonce.armexidx.*)
 .ARM.exidx     0x000000000000cd4c        0x8 /usr/local/Cellar/arm-none-eabi-gcc/9-2019-q4-major/gcc/bin/../lib/gcc/arm-none-eabi/9.2.1/../../../../arm-none-eabi/lib/thumb/v7e-m+fp/hard/crt0.o
 .ARM.exidx     0x000000000000cd54        0x0 /usr/local/Cellar/arm-none-eabi-gcc/9-2019-q4-major/gcc/bin/../lib/gcc/arm-none-eabi/9.2.1/thumb/v7e-m+fp/hard/libgcc.a(_udivmoddi4.o)
                                          0x8 (size before relaxing)
                0x000000000000cd54                __exidx_end = .
                0x000000000000cd54                __etext = .

.rel.dyn        0x000000000000cd54        0x0
 .rel.iplt      0x000000000000cd54        0x0 /usr/local/Cellar/arm-none-eabi-gcc/9-2019-q4-major/gcc/bin/../lib/gcc/arm-none-eabi/9.2.1/thumb/v7e-m+fp/hard/crtbegin.o

.data           0x0000000020000000      0xc8c load address 0x000000000000cd54
                0x0000000020000000                __data_start__ = .
 *(vtable)
 *(.data*)
 .data.font     0x0000000020000000      0x280 _build/font.o
                0x0000000020000000                font
 .data.cols     0x0000000020000280       0x14 _build/led_matrix.o
                0x0000000020000280                cols
 .data.rows     0x0000000020000294       0x14 _build/led_matrix.o
                0x0000000020000294                rows
 .data.MY_RNG_REGS
                0x00000000200002a8        0x4 _build/rng.o
                0x00000000200002a8                MY_RNG_REGS
 .data.m_uart   0x00000000200002ac       0x14 _build/microbit_nrf_log_backend_uart.o
                0x00000000200002ac                m_uart
 .data.log_backend_cb_uart_log_backend
                0x00000000200002c0        0x8 _build/nrf_log_default_backends.o
 .data.SystemCoreClock
                0x00000000200002c8        0x4 _build/system_nrf52833.o
                0x00000000200002c8                SystemCoreClock
 .data._impure_ptr
                0x00000000200002cc        0x4 /usr/local/Cellar/arm-none-eabi-gcc/9-2019-q4-major/gcc/bin/../lib/gcc/arm-none-eabi/9.2.1/../../../../arm-none-eabi/lib/thumb/v7e-m+fp/hard/libc.a(lib_a-impure.o)
                0x00000000200002cc                _impure_ptr
 .data.impure_data
                0x00000000200002d0      0x428 /usr/local/Cellar/arm-none-eabi-gcc/9-2019-q4-major/gcc/bin/../lib/gcc/arm-none-eabi/9.2.1/../../../../arm-none-eabi/lib/thumb/v7e-m+fp/hard/libc.a(lib_a-impure.o)
 .data.__atexit_recursive_mutex
                0x00000000200006f8        0x4 /usr/local/Cellar/arm-none-eabi-gcc/9-2019-q4-major/gcc/bin/../lib/gcc/arm-none-eabi/9.2.1/../../../../arm-none-eabi/lib/thumb/v7e-m+fp/hard/libc.a(lib_a-__call_atexit.o)
                0x00000000200006f8                __atexit_recursive_mutex
 .data.__malloc_av_
                0x00000000200006fc      0x408 /usr/local/Cellar/arm-none-eabi-gcc/9-2019-q4-major/gcc/bin/../lib/gcc/arm-none-eabi/9.2.1/../../../../arm-none-eabi/lib/thumb/v7e-m+fp/hard/libc.a(lib_a-mallocr.o)
                0x00000000200006fc                __malloc_av_
 .data.__malloc_sbrk_base
                0x0000000020000b04        0x4 /usr/local/Cellar/arm-none-eabi-gcc/9-2019-q4-major/gcc/bin/../lib/gcc/arm-none-eabi/9.2.1/../../../../arm-none-eabi/lib/thumb/v7e-m+fp/hard/libc.a(lib_a-mallocr.o)
                0x0000000020000b04                __malloc_sbrk_base
 .data.__malloc_trim_threshold
                0x0000000020000b08        0x4 /usr/local/Cellar/arm-none-eabi-gcc/9-2019-q4-major/gcc/bin/../lib/gcc/arm-none-eabi/9.2.1/../../../../arm-none-eabi/lib/thumb/v7e-m+fp/hard/libc.a(lib_a-mallocr.o)
                0x0000000020000b08                __malloc_trim_threshold
 .data.__global_locale
                0x0000000020000b0c      0x16c /usr/local/Cellar/arm-none-eabi-gcc/9-2019-q4-major/gcc/bin/../lib/gcc/arm-none-eabi/9.2.1/../../../../arm-none-eabi/lib/thumb/v7e-m+fp/hard/libc.a(lib_a-locale.o)
                0x0000000020000b0c                __global_locale
 .data.__fdlib_version
                0x0000000020000c78        0x1 /usr/local/Cellar/arm-none-eabi-gcc/9-2019-q4-major/gcc/bin/../lib/gcc/arm-none-eabi/9.2.1/../../../../arm-none-eabi/lib/thumb/v7e-m+fp/hard/libm.a(lib_a-s_lib_ver.o)
                0x0000000020000c78                __fdlib_version
                0x0000000020000c7c                . = ALIGN (0x4)
 *fill*         0x0000000020000c79        0x3 
                0x0000000020000c7c                PROVIDE (__preinit_array_start = .)
 *(.preinit_array)
                0x0000000020000c7c                PROVIDE (__preinit_array_end = .)
                0x0000000020000c7c                . = ALIGN (0x4)
                0x0000000020000c7c                PROVIDE (__init_array_start = .)
 *(SORT_BY_NAME(.init_array.*))
 .init_array.00000
                0x0000000020000c7c        0x4 /usr/local/Cellar/arm-none-eabi-gcc/9-2019-q4-major/gcc/bin/../lib/gcc/arm-none-eabi/9.2.1/../../../../arm-none-eabi/lib/thumb/v7e-m+fp/hard/libc.a(lib_a-__call_atexit.o)
 *(.init_array)
 .init_array    0x0000000020000c80        0x4 /usr/local/Cellar/arm-none-eabi-gcc/9-2019-q4-major/gcc/bin/../lib/gcc/arm-none-eabi/9.2.1/thumb/v7e-m+fp/hard/crtbegin.o
 .init_array    0x0000000020000c84        0x4 _build/microbit_before_startup.o
                0x0000000020000c88                PROVIDE (__init_array_end = .)
                0x0000000020000c88                . = ALIGN (0x4)
                0x0000000020000c88                PROVIDE (__fini_array_start = .)
 *(SORT_BY_NAME(.fini_array.*))
 *(.fini_array)
 .fini_array    0x0000000020000c88        0x4 /usr/local/Cellar/arm-none-eabi-gcc/9-2019-q4-major/gcc/bin/../lib/gcc/arm-none-eabi/9.2.1/thumb/v7e-m+fp/hard/crtbegin.o
                0x0000000020000c8c                PROVIDE (__fini_array_end = .)
 *(.jcr*)
                0x0000000020000c8c                . = ALIGN (0x4)
                0x0000000020000c8c                __data_end__ = .
LOAD /usr/local/Cellar/arm-none-eabi-gcc/9-2019-q4-major/gcc/bin/../lib/gcc/arm-none-eabi/9.2.1/thumb/v7e-m+fp/hard/crti.o
LOAD /usr/local/Cellar/arm-none-eabi-gcc/9-2019-q4-major/gcc/bin/../lib/gcc/arm-none-eabi/9.2.1/thumb/v7e-m+fp/hard/crtbegin.o
LOAD /usr/local/Cellar/arm-none-eabi-gcc/9-2019-q4-major/gcc/bin/../lib/gcc/arm-none-eabi/9.2.1/../../../../arm-none-eabi/lib/thumb/v7e-m+fp/hard/crt0.o
START GROUP
LOAD _build/char.o
LOAD _build/font.o
LOAD _build/led_matrix.o
LOAD _build/lsm303agr.o
LOAD _build/main.o
LOAD _build/platform.o
LOAD _build/rng.o
LOAD _build/better_error_handling.o
LOAD _build/microbit_before_startup.o
LOAD _build/microbit_nrf_log_backend_uart.o
LOAD _build/microbit_retarget.o
LOAD _build/app_error_handler_gcc.o
LOAD _build/app_scheduler.o
LOAD _build/app_timer.o
LOAD _build/app_util_platform.o
LOAD _build/hardfault_handler_gcc.o
LOAD _build/hardfault_implementation.o
LOAD _build/nrf_assert.o
LOAD _build/nrf_atomic.o
LOAD _build/nrf_balloc.o
LOAD _build/nrf_drv_twi.o
LOAD _build/nrf_drv_uart.o
LOAD _build/nrf_fprintf.o
LOAD _build/nrf_fprintf_format.o
LOAD _build/nrf_log_backend_rtt.o
LOAD _build/nrf_log_backend_serial.o
LOAD _build/nrf_log_default_backends.o
LOAD _build/nrf_log_frontend.o
LOAD _build/nrf_log_str_formatter.o
LOAD _build/nrf_pwr_mgmt.o
LOAD _build/nrf_memobj.o
LOAD _build/nrf_ringbuf.o
LOAD _build/nrf_section_iter.o
LOAD _build/nrf_serial.o
LOAD _build/nrf_sdh.o
LOAD _build/nrf_strerror.o
LOAD _build/nrf_queue.o
LOAD _build/nrf_drv_clock.o
LOAD _build/nrf_nvmc.o
LOAD _build/nrfx_gpiote.o
LOAD _build/nrfx_ppi.o
LOAD _build/nrfx_prs.o
LOAD _build/nrfx_saadc.o
LOAD _build/nrfx_timer.o
LOAD _build/nrfx_twi.o
LOAD _build/nrfx_twim.o
LOAD _build/nrfx_clock.o
LOAD _build/nrfx_uart.o
LOAD _build/nrfx_uarte.o
LOAD _build/app_fifo.o
LOAD _build/app_uart_fifo.o
LOAD _build/nrf_twi_mngr.o
LOAD _build/nrfx_pwm.o
LOAD _build/system_nrf52833.o
LOAD _build/app_error_weak.o
LOAD _build/gcc_startup_nrf52833.os
LOAD /usr/local/Cellar/arm-none-eabi-gcc/9-2019-q4-major/gcc/bin/../lib/gcc/arm-none-eabi/9.2.1/../../../../arm-none-eabi/lib/thumb/v7e-m+fp/hard/libc.a
LOAD /usr/local/Cellar/arm-none-eabi-gcc/9-2019-q4-major/gcc/bin/../lib/gcc/arm-none-eabi/9.2.1/../../../../arm-none-eabi/lib/thumb/v7e-m+fp/hard/libnosys.a
LOAD /usr/local/Cellar/arm-none-eabi-gcc/9-2019-q4-major/gcc/bin/../lib/gcc/arm-none-eabi/9.2.1/../../../../arm-none-eabi/lib/thumb/v7e-m+fp/hard/libm.a
LOAD /usr/local/Cellar/arm-none-eabi-gcc/9-2019-q4-major/gcc/bin/../lib/gcc/arm-none-eabi/9.2.1/../../../../arm-none-eabi/lib/thumb/v7e-m+fp/hard/libstdc++.a
END GROUP
START GROUP
LOAD /usr/local/Cellar/arm-none-eabi-gcc/9-2019-q4-major/gcc/bin/../lib/gcc/arm-none-eabi/9.2.1/thumb/v7e-m+fp/hard/libgcc.a
LOAD /usr/local/Cellar/arm-none-eabi-gcc/9-2019-q4-major/gcc/bin/../lib/gcc/arm-none-eabi/9.2.1/../../../../arm-none-eabi/lib/thumb/v7e-m+fp/hard/libc.a
END GROUP
LOAD /usr/local/Cellar/arm-none-eabi-gcc/9-2019-q4-major/gcc/bin/../lib/gcc/arm-none-eabi/9.2.1/thumb/v7e-m+fp/hard/crtend.o
LOAD /usr/local/Cellar/arm-none-eabi-gcc/9-2019-q4-major/gcc/bin/../lib/gcc/arm-none-eabi/9.2.1/thumb/v7e-m+fp/hard/crtn.o
START GROUP
LOAD /usr/local/Cellar/arm-none-eabi-gcc/9-2019-q4-major/gcc/bin/../lib/gcc/arm-none-eabi/9.2.1/thumb/v7e-m+fp/hard/libgcc.a
LOAD /usr/local/Cellar/arm-none-eabi-gcc/9-2019-q4-major/gcc/bin/../lib/gcc/arm-none-eabi/9.2.1/../../../../arm-none-eabi/lib/thumb/v7e-m+fp/hard/libc.a
LOAD /usr/local/Cellar/arm-none-eabi-gcc/9-2019-q4-major/gcc/bin/../lib/gcc/arm-none-eabi/9.2.1/../../../../arm-none-eabi/lib/thumb/v7e-m+fp/hard/libnosys.a
END GROUP
                0x0000000000001000                FLASH_PAGE_SIZE = 0x1000
                0x0000000000000004                FLASH_DATA_PAGES_USED = 0x4

.igot.plt       0x0000000020000c8c        0x0 load address 0x000000000000d9e0
 .igot.plt      0x0000000020000c8c        0x0 /usr/local/Cellar/arm-none-eabi-gcc/9-2019-q4-major/gcc/bin/../lib/gcc/arm-none-eabi/9.2.1/thumb/v7e-m+fp/hard/crtbegin.o
                0x0000000020000c8c                . = ALIGN (0x4)

.svc_data       0x0000000020000c8c        0x0
                [!provide]                        PROVIDE (__start_svc_data = .)
 *(.svc_data)
                [!provide]                        PROVIDE (__stop_svc_data = .)

.fs_data        0x0000000020000c8c        0x0
                [!provide]                        PROVIDE (__start_fs_data = .)
 *(.fs_data)
                [!provide]                        PROVIDE (__stop_fs_data = .)

.log_dynamic_data
                0x0000000020000c8c        0x0
                0x0000000020000c8c                PROVIDE (__start_log_dynamic_data = .)
 *(SORT_BY_NAME(.log_dynamic_data*))
                [!provide]                        PROVIDE (__stop_log_dynamic_data = .)

.cli_sorted_cmd_ptrs
                0x0000000020000c8c        0x0
                [!provide]                        PROVIDE (__start_cli_sorted_cmd_ptrs = .)
 *(.cli_sorted_cmd_ptrs)
                [!provide]                        PROVIDE (__stop_cli_sorted_cmd_ptrs = .)

.bss            0x0000000020000c8c      0xacc load address 0x000000000000d9e0
                0x0000000020000c8c                . = ALIGN (0x4)
                0x0000000020000c8c                __bss_start__ = .
 *(.bss*)
 .bss           0x0000000020000c8c       0x1c /usr/local/Cellar/arm-none-eabi-gcc/9-2019-q4-major/gcc/bin/../lib/gcc/arm-none-eabi/9.2.1/thumb/v7e-m+fp/hard/crtbegin.o
 .bss.char_x_data
                0x0000000020000ca8       0x20 _build/char.o
 .bss.char_y_data
                0x0000000020000cc8       0x20 _build/char.o
 .bss.button_check_data
                0x0000000020000ce8       0x20 _build/led_matrix.o
 .bss.curr_row  0x0000000020000d08        0x4 _build/led_matrix.o
                0x0000000020000d08                curr_row
 .bss.curr_row_string
                0x0000000020000d0c        0x4 _build/led_matrix.o
                0x0000000020000d0c                curr_row_string
 .bss.display_string_data
                0x0000000020000d10       0x20 _build/led_matrix.o
 .bss.led_states
                0x0000000020000d30       0x64 _build/led_matrix.o
                0x0000000020000d30                led_states
 .bss.led_states_string
                0x0000000020000d94       0x19 _build/led_matrix.o
                0x0000000020000d94                led_states_string
 *fill*         0x0000000020000dad        0x3 
 .bss.update_ascii_data
                0x0000000020000db0       0x20 _build/led_matrix.o
 .bss.i2c_manager
                0x0000000020000dd0        0x4 _build/lsm303agr.o
 .bss.twi_mngr_instance_cb
                0x0000000020000dd4       0x1c _build/main.o
 .bss.twi_mngr_instance_queue_nrf_queue_buffer
                0x0000000020000df0        0x8 _build/main.o
 .bss.twi_mngr_instance_queue_nrf_queue_cb
                0x0000000020000df8        0xc _build/main.o
 .bss.display_screen_data
                0x0000000020000e04       0x20 _build/platform.o
 .bss.timer_activate_platforms_data
                0x0000000020000e24       0x20 _build/platform.o
 .bss.timer_falling_platforms_data
                0x0000000020000e44       0x20 _build/platform.o
 .bss.m_async_mode
                0x0000000020000e64        0x1 _build/microbit_nrf_log_backend_uart.o
 .bss.m_string_buff
                0x0000000020000e65       0x40 _build/microbit_nrf_log_backend_uart.o
 .bss.m_xfer_done